HeroicGame(app_name='gog-redist', title='Galaxy Common Redistributables', platform='GoG', is_dlc=True, is_hidden=False)
HeroicGame(app_name='1440426004', title='Anno 1404: Gold Edition', platform='GoG', is_dlc=False, is_hidden=False)
HeroicGame(app_name='1207659001', title='Thief™ 2: The Metal Age', platform='GoG', is_dlc=False, is_hidden=False)
HeroicGame(app_name='1426240474', title='The Whisperer', platform='GoG', is_dlc=False, is_hidden=False)
HeroicGame(app_name='1310521702', title='Heroes of Loot 2', platform='GoG', is_dlc=False, is_hidden=False)
HeroicGame(app_name='1513949567', title='EVERSPACE™', platform='GoG', is_dlc=False, is_hidden=False)
HeroicGame(app_name='1440151285', title='Fallout 2', platform='GoG', is_dlc=False, is_hidden=False)
HeroicGame(app_name='1449569170', title='Bio Menace', platform='GoG', is_dlc=False, is_hidden=False)
HeroicGame(app_name='1812138501', title='Planet of Lana', platform='GoG', is_dlc=False, is_hidden=False)
HeroicGame(app_name='1964712512', title='Colt Canyon', platform='GoG', is_dlc=False, is_hidden=False)
HeroicGame(app_name='1669882559', title='Oaken', platform='GoG', is_dlc=False, is_hidden=False)
HeroicGame(app_name='1900745791', title='Tomb Raider: Underworld', platform='GoG', is_dlc=False, is_hidden=False)
HeroicGame(app_name='1342466874', title='GRIP', platform='GoG', is_dlc=False, is_hidden=False)
HeroicGame(app_name='1449710114', title='Mafia II: Definitive Edition', platform='GoG', is_dlc=False, is_hidden=False)
HeroicGame(app_name='1595490147', title='FATE: The Traitor Soul', platform='GoG', is_dlc=False, is_hidden=False)
HeroicGame(app_name='1207659061', title='Worlds of Ultima™: The Savage Empire', platform='GoG', is_dlc=False, is_hidden=False)
HeroicGame(app_name='1207662463', title='Ultima™  Underworld I', platform='GoG', is_dlc=False, is_hidden=False)
HeroicGame(app_name='1180040534', title='DISTRAINT: Deluxe Edition', platform='GoG', is_dlc=False, is_hidden=False)
HeroicGame(app_name='1542885660', title='Sir Whoopass™: Immortal Death', platform='GoG', is_dlc=False, is_hidden=False)
HeroicGame(app_name='1372090895', title='Berserk Boy', platform='GoG', is_dlc=False, is_hidden=False)
HeroicGame(app_name='1422286819', title='STAR WARS™ Jedi Knight: Dark Forces II', platform='GoG', is_dlc=False, is_hidden=False)
HeroicGame(app_name='1655492231', title='The Town of Light', platform='GoG', is_dlc=False, is_hidden=False)
HeroicGame(app_name='2099051765', title='9 Years of Shadows', platform='GoG', is_dlc=False, is_hidden=False)
HeroicGame(app_name='1947927225', title='Quake II', platform='GoG', is_dlc=False, is_hidden=False)
HeroicGame(app_name='1207658754', title='POSTAL: Classic and Uncut', platform='GoG', is_dlc=False, is_hidden=False)
HeroicGame(app_name='1198772268', title='Rawcember Goodie Pack', platform='GoG', is_dlc=False, is_hidden=False)
HeroicGame(app_name='1265338731', title='Golf With Your Friends', platform='GoG', is_dlc=False, is_hidden=False)
HeroicGame(app_name='1207660853', title='Hitman 3: Contracts', platform='GoG', is_dlc=False, is_hidden=False)
HeroicGame(app_name='1578751750', title='Mafia III: Definitive Edition', platform='GoG', is_dlc=False, is_hidden=False)
HeroicGame(app_name='1321890219', title='Dragons of Flame', platform='GoG', is_dlc=False, is_hidden=False)
HeroicGame(app_name='1411626324', title='Tower of Time', platform='GoG', is_dlc=False, is_hidden=False)
HeroicGame(app_name='1128601888', title='FATE: Undiscovered Realms', platform='GoG', is_dlc=False, is_hidden=False)
HeroicGame(app_name='1603513052', title='Jupiter Hell', platform='GoG', is_dlc=False, is_hidden=False)
HeroicGame(app_name='1432642138', title='Curse of the Azure Bonds', platform='GoG', is_dlc=False, is_hidden=False)
HeroicGame(app_name='1212177362', title='Builders of Egypt: Prologue', platform='GoG', is_dlc=False, is_hidden=False)
HeroicGame(app_name='1454315831', title='Fallout 3: Game of the Year Edition', platform='GoG', is_dlc=False, is_hidden=False)
HeroicGame(app_name='1449581489', title='Requiem: Avenging Angel', platform='GoG', is_dlc=False, is_hidden=False)
HeroicGame(app_name='2081410845', title='The Last Spell', platform='GoG', is_dlc=False, is_hidden=False)
HeroicGame(app_name='1207660693', title="Doomdark's Revenge", platform='GoG', is_dlc=False, is_hidden=False)
HeroicGame(app_name='1589319779', title='En Garde!', platform='GoG', is_dlc=False, is_hidden=False)
HeroicGame(app_name='2106173825', title='Moonscars', platform='GoG', is_dlc=False, is_hidden=False)
HeroicGame(app_name='1429864849', title='Kerbal Space Program', platform='GoG', is_dlc=False, is_hidden=False)
HeroicGame(app_name='1207658995', title='Deus Ex™ GOTY Edition', platform='GoG', is_dlc=False, is_hidden=False)
HeroicGame(app_name='1207662473', title='Ultima™  Underworld II', platform='GoG', is_dlc=False, is_hidden=False)
HeroicGame(app_name='1207660203', title='Sang-Froid: Tales of Werewolves', platform='GoG', is_dlc=False, is_hidden=False)
HeroicGame(app_name='1751965389', title='Ancient Enemy', platform='GoG', is_dlc=False, is_hidden=False)
HeroicGame(app_name='1432640961', title='Pool of Radiance', platform='GoG', is_dlc=False, is_hidden=False)
HeroicGame(app_name='1748855533', title='Sunrider: Mask of Arcadius', platform='GoG', is_dlc=False, is_hidden=False)
HeroicGame(app_name='1511366207', title='Showgunners', platform='GoG', is_dlc=False, is_hidden=False)
HeroicGame(app_name='1421404646', title='STAR WARS™ Galactic Battlegrounds Saga', platform='GoG', is_dlc=False, is_hidden=False)
HeroicGame(app_name='1432575012', title='Eye of the Beholder', platform='GoG', is_dlc=False, is_hidden=False)
HeroicGame(app_name='1432722998', title='The Dark Queen of Krynn', platform='GoG', is_dlc=False, is_hidden=False)
HeroicGame(app_name='1598055675', title='Emperor: Rise of the Middle Kingdom', platform='GoG', is_dlc=False, is_hidden=False)
HeroicGame(app_name='1724969043', title='Tomb Raider GOTY', platform='GoG', is_dlc=False, is_hidden=False)
HeroicGame(app_name='1701063787', title='Dishonored - Definitive Edition', platform='GoG', is_dlc=False, is_hidden=False)
HeroicGame(app_name='1485600994', title='Crime Cities', platform='GoG', is_dlc=False, is_hidden=False)
HeroicGame(app_name='1930721905', title='Cursed to Golf', platform='GoG', is_dlc=False, is_hidden=False)
HeroicGame(app_name='1207659013', title='Treasure Adventure Game', platform='GoG', is_dlc=False, is_hidden=False)
HeroicGame(app_name='1432643408', title='Pools of Darkness', platform='GoG', is_dlc=False, is_hidden=False)
HeroicGame(app_name='1806891286', title='BioShock® 2', platform='GoG', is_dlc=False, is_hidden=False)
HeroicGame(app_name='1207658901', title='Tyrian 2000', platform='GoG', is_dlc=False, is_hidden=False)
HeroicGame(app_name='1832934376', title='EMPTY SHELL', platform='GoG', is_dlc=False, is_hidden=False)
HeroicGame(app_name='1432906190', title='Ravenloft: Stone Prophet', platform='GoG', is_dlc=False, is_hidden=False)
HeroicGame(app_name='1635210189', title='GreedFall', platform='GoG', is_dlc=False, is_hidden=False)
HeroicGame(app_name='1128886553', title='Lorelai', platform='GoG', is_dlc=False, is_hidden=False)
HeroicGame(app_name='5', title='Freespace 2', platform='GoG', is_dlc=False, is_hidden=False)
HeroicGame(app_name='1176525525', title='Blade of Darkness', platform='GoG', is_dlc=False, is_hidden=False)
HeroicGame(app_name='1439656515', title='BioShock™ Remastered', platform='GoG', is_dlc=False, is_hidden=False)
HeroicGame(app_name='1207658962', title='Ultima™ IV: Quest of the Avatar', platform='GoG', is_dlc=False, is_hidden=False)
HeroicGame(app_name='1485834662', title='Ashworld', platform='GoG', is_dlc=False, is_hidden=False)
HeroicGame(app_name='1207659042', title="Far Cry® 2: Fortune's Edition", platform='GoG', is_dlc=False, is_hidden=False)
HeroicGame(app_name='1432903719', title='Dark Sun: Wake of the Ravager', platform='GoG', is_dlc=False, is_hidden=False)
HeroicGame(app_name='1207659062', title='Ultima™ Worlds of Adventure 2: Martian Dreams', platform='GoG', is_dlc=False, is_hidden=False)
HeroicGame(app_name='1709371377', title='Gunslugs', platform='GoG', is_dlc=False, is_hidden=False)
HeroicGame(app_name='1156382433', title='Hell Pie', platform='GoG', is_dlc=False, is_hidden=False)
HeroicGame(app_name='2022341186', title='BioShock™', platform='GoG', is_dlc=False, is_hidden=False)
HeroicGame(app_name='1760534591', title="Sid Meier's Civilization IV®: The Complete Edition", platform='GoG', is_dlc=False, is_hidden=False)
HeroicGame(app_name='1207666073', title='Akalabeth: World of Doom', platform='GoG', is_dlc=False, is_hidden=False)
HeroicGame(app_name='2020648154', title='Legend of Keepers: Prologue', platform='GoG', is_dlc=False, is_hidden=False)
HeroicGame(app_name='1863535689', title='Hello Neighbor Alpha Version', platform='GoG', is_dlc=False, is_hidden=False)
HeroicGame(app_name='1942346586', title='Hitman: Blood Money', platform='GoG', is_dlc=False, is_hidden=False)
HeroicGame(app_name='1356485086', title='Brigador: Up-Armored Edition', platform='GoG', is_dlc=False, is_hidden=False)
HeroicGame(app_name='1436499377', title='TOEM', platform='GoG', is_dlc=False, is_hidden=False)
HeroicGame(app_name='1207658835', title='Caesar 3', platform='GoG', is_dlc=False, is_hidden=False)
HeroicGame(app_name='1837805079', title='Blood Omen: Legacy of Kain', platform='GoG', is_dlc=False, is_hidden=False)
HeroicGame(app_name='1848744423', title='Mordheim: City of the Damned', platform='GoG', is_dlc=False, is_hidden=False)
HeroicGame(app_name='1654564600', title='Fort Solis', platform='GoG', is_dlc=False, is_hidden=False)
HeroicGame(app_name='1207658845', title='Another World: 20th Anniversary Edition', platform='GoG', is_dlc=False, is_hidden=False)
HeroicGame(app_name='1939715083', title='Hypnospace Outlaw', platform='GoG', is_dlc=False, is_hidden=False)
HeroicGame(app_name='1482195316', title='Yes, Your Grace', platform='GoG', is_dlc=False, is_hidden=False)
HeroicGame(app_name='1620735257', title='Scorn', platform='GoG', is_dlc=False, is_hidden=False)
HeroicGame(app_name='1207665783', title='Wasteland 2', platform='GoG', is_dlc=False, is_hidden=False)
HeroicGame(app_name='1559996859', title='Return of the Phantom', platform='GoG', is_dlc=False, is_hidden=False)
HeroicGame(app_name='1432640506', title='Hillsfar', platform='GoG', is_dlc=False, is_hidden=False)
HeroicGame(app_name='1105915912', title='King of Seas', platform='GoG', is_dlc=False, is_hidden=False)
HeroicGame(app_name='1097893768', title='Neverwinter Nights: Enhanced Edition', platform='GoG', is_dlc=False, is_hidden=False)
HeroicGame(app_name='1430740458', title='Saints Row 2', platform='GoG', is_dlc=False, is_hidden=False)
HeroicGame(app_name='1624007757', title='Stray Gods: The Roleplaying Musical', platform='GoG', is_dlc=False, is_hidden=False)
HeroicGame(app_name='1097498205', title='Pumpkin Jack', platform='GoG', is_dlc=False, is_hidden=False)
HeroicGame(app_name='2016844216', title='CAYNE', platform='GoG', is_dlc=False, is_hidden=False)
HeroicGame(app_name='1766899243', title='Myst III: Exile', platform='GoG', is_dlc=False, is_hidden=False)
HeroicGame(app_name='1582445378', title='Spelljammer: Pirates of Realmspace', platform='GoG', is_dlc=False, is_hidden=False)
HeroicGame(app_name='1896039326', title='Space Hulk: Deathwing - Enhanced Edition', platform='GoG', is_dlc=False, is_hidden=False)
HeroicGame(app_name='1901367087', title='A Plague Tale: Innocence', platform='GoG', is_dlc=False, is_hidden=False)
HeroicGame(app_name='1129701343', title='Jill of the Jungle: The Complete Trilogy', platform='GoG', is_dlc=False, is_hidden=False)
HeroicGame(app_name='1810841502', title='Tomb Raider: Legend', platform='GoG', is_dlc=False, is_hidden=False)
HeroicGame(app_name='1957528513', title='Ghostrunner', platform='GoG', is_dlc=False, is_hidden=False)
HeroicGame(app_name='1302753134', title='Chasm: The Rift', platform='GoG', is_dlc=False, is_hidden=False)
HeroicGame(app_name='1719675091', title='True Fear: Forsaken Souls Part 1', platform='GoG', is_dlc=False, is_hidden=False)
HeroicGame(app_name='1331379816', title='Mable & The Wood', platform='GoG', is_dlc=False, is_hidden=False)
HeroicGame(app_name='1503950763', title='Hellpoint', platform='GoG', is_dlc=False, is_hidden=False)
HeroicGame(app_name='1482002159', title='XCOM® 2', platform='GoG', is_dlc=False, is_hidden=False)
HeroicGame(app_name='1207658819', title='Riven (1997)', platform='GoG', is_dlc=False, is_hidden=False)
HeroicGame(app_name='1971113392', title='FATE: The Cursed King', platform='GoG', is_dlc=False, is_hidden=False)
HeroicGame(app_name='1318552817', title='Tin Hearts', platform='GoG', is_dlc=False, is_hidden=False)
HeroicGame(app_name='2125877931', title='Heroes of the Lance', platform='GoG', is_dlc=False, is_hidden=False)
HeroicGame(app_name='1875167847', title='Ghost of a Tale', platform='GoG', is_dlc=False, is_hidden=False)
HeroicGame(app_name='1309239762', title='You Will Die Here Tonight', platform='GoG', is_dlc=False, is_hidden=False)
HeroicGame(app_name='1202885143', title='Tomb Raider: Anniversary', platform='GoG', is_dlc=False, is_hidden=False)
HeroicGame(app_name='1303124319', title='Heroes of Loot', platform='GoG', is_dlc=False, is_hidden=False)
HeroicGame(app_name='1213504814', title='Middle-earth™: Shadow of Mordor™ Game of the Year Edition', platform='GoG', is_dlc=False, is_hidden=False)
HeroicGame(app_name='1432641528', title='Secret of the Silver Blades', platform='GoG', is_dlc=False, is_hidden=False)
HeroicGame(app_name='1207663523', title='Tomb Raider: Chronicles', platform='GoG', is_dlc=False, is_hidden=False)
HeroicGame(app_name='1421404701', title='STAR WARS™ Battlefront™ II (Classic, 2005)', platform='GoG', is_dlc=False, is_hidden=False)
HeroicGame(app_name='1434021265', title='Shadow Warrior 2', platform='GoG', is_dlc=False, is_hidden=False)
HeroicGame(app_name='1441704824', title='Quake II (Original)', platform='GoG', is_dlc=False, is_hidden=False)
HeroicGame(app_name='2147483047', title='Moonlighter', platform='GoG', is_dlc=False, is_hidden=False)
HeroicGame(app_name='1075740587', title='Vambrace: Cold Soul', platform='GoG', is_dlc=False, is_hidden=False)
HeroicGame(app_name='1150150052', title="God's Trigger", platform='GoG', is_dlc=False, is_hidden=False)
HeroicGame(app_name='2018305509', title="Alder's Blood Prologue", platform='GoG', is_dlc=False, is_hidden=False)
HeroicGame(app_name='1436885138', title='Dungeons 2', platform='GoG', is_dlc=False, is_hidden=False)
HeroicGame(app_name='1566969207', title='Death Squared', platform='GoG', is_dlc=False, is_hidden=False)
HeroicGame(app_name='1421404828', title='STAR WARS™ Rebellion', platform='GoG', is_dlc=False, is_hidden=False)
HeroicGame(app_name='2147483137', title='The Falconeer', platform='GoG', is_dlc=False, is_hidden=False)
HeroicGame(app_name='1305299338', title='Ghost Song', platform='GoG', is_dlc=False, is_hidden=False)
HeroicGame(app_name='1787058795', title='South of the Circle', platform='GoG', is_dlc=False, is_hidden=False)
HeroicGame(app_name='2024445598', title='Midnight Fight Express', platform='GoG', is_dlc=False, is_hidden=False)
HeroicGame(app_name='1198537397', title='The Gunk', platform='GoG', is_dlc=False, is_hidden=False)
HeroicGame(app_name='2033569195', title='Dark Sky', platform='GoG', is_dlc=False, is_hidden=False)
HeroicGame(app_name='1207659221', title='Eschalon: Book I', platform='GoG', is_dlc=False, is_hidden=False)
HeroicGame(app_name='1242541569', title='The Outer Worlds', platform='GoG', is_dlc=False, is_hidden=False)
HeroicGame(app_name='1577265251', title='The Talos Principle: Gold Edition', platform='GoG', is_dlc=False, is_hidden=False)
HeroicGame(app_name='1816031813', title='Duck Paradox', platform='GoG', is_dlc=False, is_hidden=False)
HeroicGame(app_name='1471405734', title="Sid Meier's Civilization® III Complete", platform='GoG', is_dlc=False, is_hidden=False)
HeroicGame(app_name='1731334260', title='Syberia: The World Before', platform='GoG', is_dlc=False, is_hidden=False)
HeroicGame(app_name='1207666633', title='Toonstruck', platform='GoG', is_dlc=False, is_hidden=False)
HeroicGame(app_name='1921398290', title='Gamedec - Definitive Edition', platform='GoG', is_dlc=False, is_hidden=False)
HeroicGame(app_name='1207659089', title='Tomb Raider: The Angel of Darkness', platform='GoG', is_dlc=False, is_hidden=False)
HeroicGame(app_name='1432578339', title='Menzoberranzan', platform='GoG', is_dlc=False, is_hidden=False)
HeroicGame(app_name='1435068351', title='Tropico 4', platform='GoG', is_dlc=False, is_hidden=False)
HeroicGame(app_name='1925770843', title='Venba', platform='GoG', is_dlc=False, is_hidden=False)
HeroicGame(app_name='1856724519', title='Hellslave', platform='GoG', is_dlc=False, is_hidden=False)
HeroicGame(app_name='1504894622', title='Blast Brigade vs. the Evil Legion of Dr. Cread', platform='GoG', is_dlc=False, is_hidden=False)
HeroicGame(app_name='1432650732', title='Forgotten Realms - Unlimited Adventures', platform='GoG', is_dlc=False, is_hidden=False)
HeroicGame(app_name='1207658992', title='Syndicate Plus™', platform='GoG', is_dlc=False, is_hidden=False)
HeroicGame(app_name='1370227705', title='Deus Ex: Human Revolution - Director’s Cut', platform='GoG', is_dlc=False, is_hidden=False)
HeroicGame(app_name='1223053864', title='Overcooked: Gourmet Edition', platform='GoG', is_dlc=False, is_hidden=False)
HeroicGame(app_name='1485235422', title='War of the Lance', platform='GoG', is_dlc=False, is_hidden=False)
HeroicGame(app_name='1207658695', title='Beneath a Steel Sky (1994)', platform='GoG', is_dlc=False, is_hidden=False)
HeroicGame(app_name='1207658755', title='POSTAL 2', platform='GoG', is_dlc=False, is_hidden=False)
HeroicGame(app_name='1432722599', title='Death Knights of Krynn', platform='GoG', is_dlc=False, is_hidden=False)
HeroicGame(app_name='2095461205', title='Diggles: The Myth of Fenris', platform='GoG', is_dlc=False, is_hidden=False)
HeroicGame(app_name='1299228602', title='Gunslugs 3: Rogue Tactics', platform='GoG', is_dlc=False, is_hidden=False)
HeroicGame(app_name='2014921890', title='Crysis Wars', platform='GoG', is_dlc=False, is_hidden=False)
HeroicGame(app_name='1158717618', title='STAR WARS™: Bounty Hunter™', platform='GoG', is_dlc=False, is_hidden=False)
HeroicGame(app_name='1247951670', title='Hexen: Beyond Heretic', platform='GoG', is_dlc=False, is_hidden=False)
HeroicGame(app_name='1785804341', title='Close To The Sun', platform='GoG', is_dlc=False, is_hidden=False)
HeroicGame(app_name='1929434313', title='Dex', platform='GoG', is_dlc=False, is_hidden=False)
HeroicGame(app_name='1978178686', title='Saints Row: Gat out of Hell', platform='GoG', is_dlc=False, is_hidden=False)
HeroicGame(app_name='1983497091', title='Hexen: Deathkings of the Dark Citadel', platform='GoG', is_dlc=False, is_hidden=False)
HeroicGame(app_name='1435738629', title='Saints Row®: The Third™ Remastered', platform='GoG', is_dlc=False, is_hidden=False)
HeroicGame(app_name='1381541022', title='Dream Tactics', platform='GoG', is_dlc=False, is_hidden=False)
HeroicGame(app_name='1432649588', title='Gateway to the Savage Frontier', platform='GoG', is_dlc=False, is_hidden=False)
HeroicGame(app_name='1901494026', title='Blood West', platform='GoG', is_dlc=False, is_hidden=False)
HeroicGame(app_name='1752654506', title='BioShock Infinite Complete Edition', platform='GoG', is_dlc=False, is_hidden=False)
HeroicGame(app_name='1207666373', title="Baldur's Gate II: Enhanced Edition", platform='GoG', is_dlc=False, is_hidden=False)
HeroicGame(app_name='1409964317', title='SWAT 4: Gold Edition', platform='GoG', is_dlc=False, is_hidden=False)
HeroicGame(app_name='1365195229', title='True Fear: Forsaken Souls Part 2', platform='GoG', is_dlc=False, is_hidden=False)
HeroicGame(app_name='1779703219', title='Shadow Sorcerer', platform='GoG', is_dlc=False, is_hidden=False)
HeroicGame(app_name='1688702977', title='Residual', platform='GoG', is_dlc=False, is_hidden=False)
HeroicGame(app_name='1207658818', title='Myst Masterpiece Edition', platform='GoG', is_dlc=False, is_hidden=False)
HeroicGame(app_name='1929718166', title='Wild Country', platform='GoG', is_dlc=False, is_hidden=False)
HeroicGame(app_name='1690611606', title='The Feast', platform='GoG', is_dlc=False, is_hidden=False)
HeroicGame(app_name='2106942030', title='Forager', platform='GoG', is_dlc=False, is_hidden=False)
HeroicGame(app_name='2085685147', title='DragonStrike', platform='GoG', is_dlc=False, is_hidden=False)
HeroicGame(app_name='1207659088', title='Legacy of Kain: Defiance (2003)', platform='GoG', is_dlc=False, is_hidden=False)
HeroicGame(app_name='1666511461', title='Crysis Warhead', platform='GoG', is_dlc=False, is_hidden=False)
HeroicGame(app_name='1454587428', title='Fallout: New Vegas Ultimate Edition', platform='GoG', is_dlc=False, is_hidden=False)
HeroicGame(app_name='1432722131', title='Champions of Krynn', platform='GoG', is_dlc=False, is_hidden=False)
HeroicGame(app_name='1744110647', title='DREDGE', platform='GoG', is_dlc=False, is_hidden=False)
HeroicGame(app_name='1446830366', title='THIEF: Definitive Edition', platform='GoG', is_dlc=False, is_hidden=False)
HeroicGame(app_name='1207658694', title='Lure of the Temptress (1992)', platform='GoG', is_dlc=False, is_hidden=False)
HeroicGame(app_name='1345516108', title='Hard West 2', platform='GoG', is_dlc=False, is_hidden=False)
HeroicGame(app_name='1444386007', title="Wasteland 2 Director's Cut", platform='GoG', is_dlc=False, is_hidden=False)
HeroicGame(app_name='1207659723', title='Flight of the Amazon Queen', platform='GoG', is_dlc=False, is_hidden=False)
HeroicGame(app_name='1422285784', title='STAR WARS™ Jedi Knight: Dark Forces II - Mysteries of the Sith', platform='GoG', is_dlc=False, is_hidden=False)
HeroicGame(app_name='1798886022', title='Hexen II', platform='GoG', is_dlc=False, is_hidden=False)
HeroicGame(app_name='2015389384', title='Call of Juarez: Gunslinger', platform='GoG', is_dlc=False, is_hidden=False)
HeroicGame(app_name='1809223221', title='Crysis®', platform='GoG', is_dlc=False, is_hidden=False)
HeroicGame(app_name='2037198195', title='Fantasy Empires', platform='GoG', is_dlc=False, is_hidden=False)
HeroicGame(app_name='1816059595', title='Mafia II (Classic)', platform='GoG', is_dlc=False, is_hidden=False)
HeroicGame(app_name='1207658679', title='Unreal Gold', platform='GoG', is_dlc=False, is_hidden=False)
HeroicGame(app_name='1207666353', title="Baldur's Gate: Enhanced Edition", platform='GoG', is_dlc=False, is_hidden=False)
HeroicGame(app_name='1432641771', title='Treasures of the Savage Frontier', platform='GoG', is_dlc=False, is_hidden=False)
HeroicGame(app_name='2037689757', title='Saints Row IV: Re-Elected', platform='GoG', is_dlc=False, is_hidden=False)
HeroicGame(app_name='1207658924', title='The Witcher: Enhanced Edition', platform='GoG', is_dlc=False, is_hidden=False)
HeroicGame(app_name='1432723859', title='Dark Sun: Shattered Lands', platform='GoG', is_dlc=False, is_hidden=False)
HeroicGame(app_name='1104084973', title='Shogun Showdown', platform='GoG', is_dlc=False, is_hidden=False)
HeroicGame(app_name='1290366318', title='Heretic: Shadow of the Serpent Riders', platform='GoG', is_dlc=False, is_hidden=False)
HeroicGame(app_name='1407750955', title='Tomb Raider I-III Remastered Starring Lara Croft', platform='GoG', is_dlc=False, is_hidden=False)
HeroicGame(app_name='1547541023', title='Necroking', platform='GoG', is_dlc=False, is_hidden=False)
HeroicGame(app_name='1207659193', title='Syndicate Wars™', platform='GoG', is_dlc=False, is_hidden=False)
HeroicGame(app_name='1296690054', title='Deus Ex: Mankind Divided', platform='GoG', is_dlc=False, is_hidden=False)
HeroicGame(app_name='1447412730', title='Iratus: Lord of the Dead', platform='GoG', is_dlc=False, is_hidden=False)
HeroicGame(app_name='1441096843', title="Al-Qadim: The Genie's Curse", platform='GoG', is_dlc=False, is_hidden=False)
HeroicGame(app_name='1621558174', title='Mutazione', platform='GoG', is_dlc=False, is_hidden=False)
HeroicGame(app_name='1297352383', title='Thronebreaker: The Witcher Tales', platform='GoG', is_dlc=False, is_hidden=False)
HeroicGame(app_name='1542190742', title='Bloody Hell', platform='GoG', is_dlc=False, is_hidden=False)
HeroicGame(app_name='1432576327', title='Eye of the Beholder III: Assault on Myth Drannor', platform='GoG', is_dlc=False, is_hidden=False)
HeroicGame(app_name='1770556474', title='Call of Juarez: Bound in Blood', platform='GoG', is_dlc=False, is_hidden=False)
HeroicGame(app_name='1482265668', title='BioShock™ 2 Remastered', platform='GoG', is_dlc=False, is_hidden=False)
HeroicGame(app_name='1490213242', title='Harold Halibut', platform='GoG', is_dlc=False, is_hidden=False)
HeroicGame(app_name='1421309312', title='Worms Revolution Gold Edition', platform='GoG', is_dlc=False, is_hidden=False)
HeroicGame(app_name='1906012961', title='The Smurfs 2 - The Prisoner of the Green Stone', platform='GoG', is_dlc=False, is_hidden=False)
HeroicGame(app_name='2038001955', title='Styx: Master of Shadows', platform='GoG', is_dlc=False, is_hidden=False)
HeroicGame(app_name='2116968103', title='VirtuaVerse', platform='GoG', is_dlc=False, is_hidden=False)
HeroicGame(app_name='1937407919', title='Mail Time', platform='GoG', is_dlc=False, is_hidden=False)
HeroicGame(app_name='1456702644', title='Cultist Simulator', platform='GoG', is_dlc=False, is_hidden=False)
HeroicGame(app_name='2119193622', title='LEGO® Star Wars™ III - The Clone Wars™', platform='GoG', is_dlc=False, is_hidden=False)
HeroicGame(app_name='1679659438', title='Gunslugs 2', platform='GoG', is_dlc=False, is_hidden=False)
HeroicGame(app_name='1950069341', title='Coromon', platform='GoG', is_dlc=False, is_hidden=False)
HeroicGame(app_name='1668986402', title='SteamWorld Heist', platform='GoG', is_dlc=False, is_hidden=False)
HeroicGame(app_name='1126166849', title='Wolfenstein: Enemy Territory', platform='GoG', is_dlc=False, is_hidden=False)
HeroicGame(app_name='1207659039', title='Zeus + Poseidon (Acropolis)', platform='GoG', is_dlc=False, is_hidden=False)
HeroicGame(app_name='1941294775', title='SteamWorld Quest: Hand of Gilgamech', platform='GoG', is_dlc=False, is_hidden=False)
HeroicGame(app_name='1297999995', title='Overcooked! 2', platform='GoG', is_dlc=False, is_hidden=False)
HeroicGame(app_name='1207659693', title='Stargunner', platform='GoG', is_dlc=False, is_hidden=False)
HeroicGame(app_name='1432905053', title="Ravenloft: Strahd's Possession", platform='GoG', is_dlc=False, is_hidden=False)
HeroicGame(app_name='1207659333', title='The Lords of Midnight', platform='GoG', is_dlc=False, is_hidden=False)
HeroicGame(app_name='1989052770', title='RIOT - Civil Unrest', platform='GoG', is_dlc=False, is_hidden=False)
HeroicGame(app_name='1263855454', title='DeathKeep', platform='GoG', is_dlc=False, is_hidden=False)
HeroicGame(app_name='1882554410', title='Bō: Path of the Teal Lotus', platform='GoG', is_dlc=False, is_hidden=False)
HeroicGame(app_name='1547269859', title="Hero's Hour", platform='GoG', is_dlc=False, is_hidden=False)
HeroicGame(app_name='1207658890', title='Neverwinter Nights Diamond', platform='GoG', is_dlc=False, is_hidden=False)
HeroicGame(app_name='1207658753', title='Teenagent', platform='GoG', is_dlc=False, is_hidden=False)
HeroicGame(app_name='1731318270', title='LEGO® Star Wars™ - The Complete Saga', platform='GoG', is_dlc=False, is_hidden=False)
HeroicGame(app_name='1441096928', title='D&D Stronghold: Kingdom Simulator', platform='GoG', is_dlc=False, is_hidden=False)
HeroicGame(app_name='1084829247', title='Dark Deity: Complete Edition', platform='GoG', is_dlc=False, is_hidden=False)
HeroicGame(app_name='1958338581', title='Cat Quest II', platform='GoG', is_dlc=False, is_hidden=False)
HeroicGame(app_name='1207659142', title='Shadow Warrior Classic Complete', platform='GoG', is_dlc=False, is_hidden=False)
HeroicGame(app_name='1432579019', title='Dungeon Hack', platform='GoG', is_dlc=False, is_hidden=False)
HeroicGame(app_name='2050639399', title='FATE', platform='GoG', is_dlc=False, is_hidden=False)
HeroicGame(app_name='1207659257', title='Spelunky', platform='GoG', is_dlc=False, is_hidden=False)
HeroicGame(app_name='1580300418', title='Book of Demons', platform='GoG', is_dlc=False, is_hidden=False)
HeroicGame(app_name='1993581340', title='Mafia: Definitive Edition', platform='GoG', is_dlc=False, is_hidden=False)
HeroicGame(app_name='1207658997', title='Thief™ Gold', platform='GoG', is_dlc=False, is_hidden=False)
HeroicGame(app_name='1440148836', title='Fallout', platform='GoG', is_dlc=False, is_hidden=False)
HeroicGame(app_name='1207659068', title='Deus Ex 2: Invisible War', platform='GoG', is_dlc=False, is_hidden=False)
HeroicGame(app_name='1732383191', title='ELDERBORN', platform='GoG', is_dlc=False, is_hidden=False)
HeroicGame(app_name='1804122723', title='INDUSTRIA', platform='GoG', is_dlc=False, is_hidden=False)
HeroicGame(app_name='1776058590', title='Heretic + Hexen', platform='GoG', is_dlc=False, is_hidden=False)
HeroicGame(app_name='1753068551', title='LEGO® The Hobbit™', platform='GoG', is_dlc=False, is_hidden=False)
HeroicGame(app_name='1163487128', title='The Coma: Recut', platform='GoG', is_dlc=False, is_hidden=False)
HeroicGame(app_name='1207659101', title='Legacy of Kain: Blood Omen 2', platform='GoG', is_dlc=False, is_hidden=False)
HeroicGame(app_name='1432576039', title='Eye of the Beholder II: The Legend of Darkmoon', platform='GoG', is_dlc=False, is_hidden=False)
HeroicGame(app_name='1207663513', title='Tomb Raider: The Last Revelation', platform='GoG', is_dlc=False, is_hidden=False)
HeroicGame(app_name='1207659036', title='Thief™ 3: Deadly Shadows', platform='GoG', is_dlc=False, is_hidden=False)
HeroicGame(app_name='1909524379', title='Call of Juarez', platform='GoG', is_dlc=False, is_hidden=False)
HeroicGame(app_name='1757179626', title='Hitman: Absolution', platform='GoG', is_dlc=False, is_hidden=False)
HeroicGame(app_name='1943729964', title='Wolfenstein: The New Order', platform='GoG', is_dlc=False, is_hidden=False)
HeroicGame(app_name='1304291300', title='Monster Train', platform='GoG', is_dlc=False, is_hidden=False)
HeroicGame(app_name='98614687b212444c9ff0d42095f56cb3', title='[REDACTED]', platform='Epic Games Store', is_dlc=False, is_hidden=False)
HeroicGame(app_name='Tumeric', title='>observer_', platform='Epic Games Store', is_dlc=False, is_hidden=False)
HeroicGame(app_name='59aaa2432a784431b0bfdbb54f3554ee', title='112 Operator', platform='Epic Games Store', is_dlc=False, is_hidden=False)
HeroicGame(app_name='Quail', title='20XX', platform='Epic Games Store', is_dlc=False, is_hidden=False)
HeroicGame(app_name='06b8b80d89c24a28a7e91127fcbd9542', title='A Game Of Thrones: The Board Game Digital Edition', platform='Epic Games Store', is_dlc=False, is_hidden=False)
HeroicGame(app_name='e0fa47ae79514345823bff209ae29451', title='A Plague Tale: Innocence', platform='Epic Games Store', is_dlc=False, is_hidden=False)
HeroicGame(app_name='d6407c9e6fd54cb492b8c6635480d792', title='A Short Hike', platform='Epic Games Store', is_dlc=False, is_hidden=False)
HeroicGame(app_name='19927295d6e3467887d4e830d8c85963', title='Absolute Drift', platform='Epic Games Store', is_dlc=False, is_hidden=False)
HeroicGame(app_name='9b2c200d7dec4825a83664d8888adad8', title="Aerial_Knight's Never Yield", platform='Epic Games Store', is_dlc=False, is_hidden=False)
HeroicGame(app_name='ad8aff099d2a445599f9797a24e9ff93', title='Against All Odds', platform='Epic Games Store', is_dlc=False, is_hidden=False)
HeroicGame(app_name='d578a8f36f8c49dc8c952c30f7dd049f', title='AK-xolotl: Together', platform='Epic Games Store', is_dlc=False, is_hidden=False)
HeroicGame(app_name='8a0173bbe3ac48ac903f5bc7277e7b4e', title='Alba - A Wildlife Adventure', platform='Epic Games Store', is_dlc=False, is_hidden=False)
HeroicGame(app_name='90a9dbcace12452ebd9cab6d8d750490', title='Alex Kidd in Miracle World DX', platform='Epic Games Store', is_dlc=False, is_hidden=False)
HeroicGame(app_name='8935bb3e1420443a9789fe01758039a5', title='Alien: Isolation', platform='Epic Games Store', is_dlc=False, is_hidden=False)
HeroicGame(app_name='Hornbill', title='The Alto Collection', platform='Epic Games Store', is_dlc=False, is_hidden=False)
HeroicGame(app_name='44950011e7b544fc82c0a2e464b1afcd', title='Amnesia: The Bunker', platform='Epic Games Store', is_dlc=False, is_hidden=False)
HeroicGame(app_name='f59de18db4dc445f88ffeff24d081234', title='Amnesia: Rebirth', platform='Epic Games Store', is_dlc=False, is_hidden=False)
HeroicGame(app_name='aa78f7be2ee64193b6b6444c5fc50157', title='Among the Sleep - Enhanced Edition', platform='Epic Games Store', is_dlc=False, is_hidden=False)
HeroicGame(app_name='Tanzanite', title='Anodyne 2: Return to Dust', platform='Epic Games Store', is_dlc=False, is_hidden=False)
HeroicGame(app_name='888fabb7d07b430691ae22796f2cb530', title='Arcade Paradise', platform='Epic Games Store', is_dlc=False, is_hidden=False)
HeroicGame(app_name='b0b94ccc68564c729568cd07f9cfb812', title='Arcadegeddon', platform='Epic Games Store', is_dlc=False, is_hidden=False)
HeroicGame(app_name='8052968859fb46aea7cbc381c19188d2', title='Are You Smarter Than A 5th Grader', platform='Epic Games Store', is_dlc=False, is_hidden=False)
HeroicGame(app_name='ARKDevKit', title='ARK ModKit (UE4)', platform='Epic Games Store', is_dlc=False, is_hidden=False)
HeroicGame(app_name='aafc587fbf654758802c8e41e4fb3255', title='ARK: Survival Evolved', platform='Epic Games Store', is_dlc=False, is_hidden=False)
HeroicGame(app_name='e3c0d11648554383b33da58d075fd101', title='Astro Duel 2', platform='Epic Games Store', is_dlc=False, is_hidden=False)
HeroicGame(app_name='069a60f6b0514a5fbe81b38957c1ddfd', title='Automachef', platform='Epic Games Store', is_dlc=False, is_hidden=False)
HeroicGame(app_name='Puffin', title='Axiom Verge', platform='Epic Games Store', is_dlc=False, is_hidden=False)
HeroicGame(app_name='Grunt', title='Aztez', platform='Epic Games Store', is_dlc=False, is_hidden=False)
HeroicGame(app_name='c2568782280f414aa8476c9fba8bfd60', title='Backpack Hero', platform='Epic Games Store', is_dlc=False, is_hidden=False)
HeroicGame(app_name='c98c4cd6d83a4524b4b22f13af95a104', title='Barony', platform='Epic Games Store', is_dlc=False, is_hidden=False)
HeroicGame(app_name='24349b736ad74d9db72e6cab21933877', title='Barony (Beta)', platform='Epic Games Store', is_dlc=False, is_hidden=False)
HeroicGame(app_name='Godwit', title='Batman™ Arkham Asylum Game of the Year Edition', platform='Epic Games Store', is_dlc=False, is_hidden=False)
HeroicGame(app_name='Egret', title='Batman™ Arkham City - Game of the Year Edition', platform='Epic Games Store', is_dlc=False, is_hidden=False)
HeroicGame(app_name='Cowbird', title='Batman™ Arkham Knight', platform='Epic Games Store', is_dlc=False, is_hidden=False)
HeroicGame(app_name='ba94c39030df477180e5141aadcc8b13', title='Behind the Frame: The Finest Scenery', platform='Epic Games Store', is_dlc=False, is_hidden=False)
HeroicGame(app_name='6fa12837a99e4b16bc21d7719b3c401e', title='Beholder', platform='Epic Games Store', is_dlc=False, is_hidden=False)
HeroicGame(app_name='39700e23ec114d7581aedea23779ce2d', title='Bendy and the Ink Machine', platform='Epic Games Store', is_dlc=False, is_hidden=False)
HeroicGame(app_name='3a0cae9455844390ad00505a704d641e', title='Beyond Blue', platform='Epic Games Store', is_dlc=False, is_hidden=False)
HeroicGame(app_name='573b2b742fa04eda83ea73cb17d7abc0', title='The Big Con', platform='Epic Games Store', is_dlc=False, is_hidden=False)
HeroicGame(app_name='b22ce34b4ce0408c97a888554447479b', title='BioShock 2 Remastered', platform='Epic Games Store', is_dlc=False, is_hidden=False)
HeroicGame(app_name='f9d6f0530ea140909f8e8a997a7532d7', title='BioShock Infinite: Complete Edition', platform='Epic Games Store', is_dlc=False, is_hidden=False)
HeroicGame(app_name='bc2c95c6ff564a16b26644f1d3ac3c55', title='BioShock Remastered', platform='Epic Games Store', is_dlc=False, is_hidden=False)
HeroicGame(app_name='1d74dcbca79540efb52cab2ff026215f', title='Black Book', platform='Epic Games Store', is_dlc=False, is_hidden=False)
HeroicGame(app_name='ed5f5b7f2e1f43c89ea8bafd15591bda', title='Blazing Sails', platform='Epic Games Store', is_dlc=False, is_hidden=False)
HeroicGame(app_name='7786b355a13b47a6b3915335117cd0b2', title='Bloons TD 6', platform='Epic Games Store', is_dlc=False, is_hidden=False)
HeroicGame(app_name='Catnip', title='Borderlands 3', platform='Epic Games Store', is_dlc=False, is_hidden=False)
HeroicGame(app_name='d26da9e047e4440a80781f13a8b7c062', title='Botanicula', platform='Epic Games Store', is_dlc=False, is_hidden=False)
HeroicGame(app_name='cbb53ad616af4e93973aa73ea2b15733', title='Boxes: Lost Fragments', platform='Epic Games Store', is_dlc=False, is_hidden=False)
HeroicGame(app_name='206d048847f1491282cec0593065a2c2', title='Bramble The Mountain King', platform='Epic Games Store', is_dlc=False, is_hidden=False)
HeroicGame(app_name='0a20ccd3f1b3464da750a4dbf8c80d7c', title='Breathedge', platform='Epic Games Store', is_dlc=False, is_hidden=False)
HeroicGame(app_name='Sunbird', title='The Bridge', platform='Epic Games Store', is_dlc=False, is_hidden=False)
HeroicGame(app_name='Tamarind', title='Brothers - A Tale of Two Sons', platform='Epic Games Store', is_dlc=False, is_hidden=False)
HeroicGame(app_name='0fcb6881984f4e9ab91f5e22e4bf844c', title='Bus Simulator 21 Next Stop', platform='Epic Games Store', is_dlc=False, is_hidden=False)
HeroicGame(app_name='6278dd278d714aeb88239a423fa0f8be', title='Call of the Sea', platform='Epic Games Store', is_dlc=False, is_hidden=False)
HeroicGame(app_name='f00b5acabb0f49a7b49e8350d1cd0de0', title='The Captain', platform='Epic Games Store', is_dlc=False, is_hidden=False)
HeroicGame(app_name='8032b75cf0914afa87c78d6914adc165', title='Car Mechanic Simulator 2018', platform='Epic Games Store', is_dlc=False, is_hidden=False)
HeroicGame(app_name='9d4ccd48ba554809b402bf85c5806e0a', title='Card Shark', platform='Epic Games Store', is_dlc=False, is_hidden=False)
HeroicGame(app_name='d1df808b70104992a53512d64fae933c', title='Castlevania Anniversary Collection', platform='Epic Games Store', is_dlc=False, is_hidden=False)
HeroicGame(app_name='051eaac0842c46d7a5a62858ad534d5a', title='Cat Quest', platform='Epic Games Store', is_dlc=False, is_hidden=False)
HeroicGame(app_name='6a2cc8b03e684bbd9096a338f96a7ba2', title='Cat Quest II', platform='Epic Games Store', is_dlc=False, is_hidden=False)
HeroicGame(app_name='1dea8a6ddb544842a58e4b5c8675ff58', title='Cave Story+', platform='Epic Games Store', is_dlc=False, is_hidden=False)
HeroicGame(app_name='Salt', title='Celeste', platform='Epic Games Store', is_dlc=False, is_hidden=False)
HeroicGame(app_name='fc0b13b7b17b4a46933756fb2786cdc4', title='Chess Ultra', platform='Epic Games Store', is_dlc=False, is_hidden=False)
HeroicGame(app_name='a1292bca78514801bc03571e9247909d', title='Chessarama', platform='Epic Games Store', is_dlc=False, is_hidden=False)
HeroicGame(app_name='Peppermint', title='Chivalry 2', platform='Epic Games Store', is_dlc=False, is_hidden=False)
HeroicGame(app_name='ca02598c9a5c4d5491d6431ce8e8d6e7', title='Chivalry 2 - Public Testing', platform='Epic Games Store', is_dlc=False, is_hidden=False)
HeroicGame(app_name='0a127baea2204bad8824602568fd2206', title='CHUCHEL', platform='Epic Games Store', is_dlc=False, is_hidden=False)
HeroicGame(app_name='f9d7a68aa77a4b30902af341533abe22', title='Circus Electrique', platform='Epic Games Store', is_dlc=False, is_hidden=False)
HeroicGame(app_name='Arrowroot', title='City of Brass', platform='Epic Games Store', is_dlc=False, is_hidden=False)
HeroicGame(app_name='002b00085aeb49b1a3f3c42e3f918f2f', title='City of Gangsters', platform='Epic Games Store', is_dlc=False, is_hidden=False)
HeroicGame(app_name='Silene', title='Close to the Sun', platform='Epic Games Store', is_dlc=False, is_hidden=False)
HeroicGame(app_name='ConanExiles', title='Conan Exiles Dev Kit', platform='Epic Games Store', is_dlc=False, is_hidden=False)
HeroicGame(app_name='Canary', title='Conarium', platform='Epic Games Store', is_dlc=False, is_hidden=False)
HeroicGame(app_name='Calluna', title='Control', platform='Epic Games Store', is_dlc=False, is_hidden=False)
HeroicGame(app_name='Violetear', title='Costume Quest', platform='Epic Games Store', is_dlc=False, is_hidden=False)
HeroicGame(app_name='82a78a4dd6ef4eaa892707791b705073', title='Costume Quest 2', platform='Epic Games Store', is_dlc=False, is_hidden=False)
HeroicGame(app_name='afdf59e3dc8f40ec8fd887b5d3fcef23', title='Crashlands', platform='Epic Games Store', is_dlc=False, is_hidden=False)
HeroicGame(app_name='f46cc053068146bdbc8a591f4c410616', title='Crime Boss: Rockay City', platform='Epic Games Store', is_dlc=False, is_hidden=False)
HeroicGame(app_name='18fafa2d70d64831ab500a9d65ba9ab8', title='Crying Suns', platform='Epic Games Store', is_dlc=False, is_hidden=False)
HeroicGame(app_name='25ad72f164b948ab9e05eb18fab2cda8', title='CYGNI - All Guns Blazing', platform='Epic Games Store', is_dlc=False, is_hidden=False)
HeroicGame(app_name='f4f0d39fbb4640e0be62aa91d9eca87d', title='DAEMON X MACHINA', platform='Epic Games Store', is_dlc=False, is_hidden=False)
HeroicGame(app_name='e21be436768f4add87d4935a180b4932', title='Dark Deity', platform='Epic Games Store', is_dlc=False, is_hidden=False)
HeroicGame(app_name='36cbf259e631478eaac6ea244e55a709', title='Darkest Dungeon®', platform='Epic Games Store', is_dlc=False, is_hidden=False)
HeroicGame(app_name='Hake', title='Darksiders Warmastered Edition', platform='Epic Games Store', is_dlc=False, is_hidden=False)
HeroicGame(app_name='923130ebb546417b9d3115507f752d34', title='Darkwood', platform='Epic Games Store', is_dlc=False, is_hidden=False)
HeroicGame(app_name='ee96375fac2f47de978170a24398e581', title='DARQ', platform='Epic Games Store', is_dlc=False, is_hidden=False)
HeroicGame(app_name='Crow', title='Dead Island 2', platform='Epic Games Store', is_dlc=False, is_hidden=False)
HeroicGame(app_name='23cbdd44de914e9caec216acefc51f9b', title='Deadtime Defenders', platform='Epic Games Store', is_dlc=False, is_hidden=False)
HeroicGame(app_name='2333810845fd49a286baf29f9b58f9ae', title='Death Coming', platform='Epic Games Store', is_dlc=False, is_hidden=False)
HeroicGame(app_name='Boga', title='Death Stranding', platform='Epic Games Store', is_dlc=False, is_hidden=False)
HeroicGame(app_name='5bf67f3153364181b54cb9e40ca7fa82', title='Death Stranding Content', platform='Epic Games Store', is_dlc=False, is_hidden=False)
HeroicGame(app_name='65d73e3be8824829b5b788bd849b6559', title="Death's Door", platform='Epic Games Store', is_dlc=False, is_hidden=False)
HeroicGame(app_name='3206dba3f9b14fd3b01c18f9dcbc864a', title='DEATHLOOP', platform='Epic Games Store', is_dlc=False, is_hidden=False)
HeroicGame(app_name='cccdbadd66124f609ba706a9c4c73756', title='Deceive Inc', platform='Epic Games Store', is_dlc=False, is_hidden=False)
HeroicGame(app_name='9d943a160fa841859ac5c1f233789fcb', title='Deliver Us Mars', platform='Epic Games Store', is_dlc=False, is_hidden=False)
HeroicGame(app_name='b8b37813c5634dbdac61d88ff411135c', title="DEMON'S TILT", platform='Epic Games Store', is_dlc=False, is_hidden=False)
HeroicGame(app_name='592c359fb0e0413fb46dee2d24448eb4', title='Destiny 2', platform='Epic Games Store', is_dlc=False, is_hidden=False)
HeroicGame(app_name='82cdbdf05c61474d89c4f9e8a8bf0ea4', title='DNF Duel', platform='Epic Games Store', is_dlc=False, is_hidden=False)
HeroicGame(app_name='30647199e65341c2be84d81fa6964ff0', title='Dodo Peak', platform='Epic Games Store', is_dlc=False, is_hidden=False)
HeroicGame(app_name='c5109bdceb3a453bb38c2fdc964ddee8', title='Doki Doki Literature Club Plus!', platform='Epic Games Store', is_dlc=False, is_hidden=False)
HeroicGame(app_name='5b60142e120c4f2d88027595c21d4a04', title='DOOM 64', platform='Epic Games Store', is_dlc=False, is_hidden=False)
HeroicGame(app_name='91e82f342ebf42309703e9ba363daedf', title='Doors - Paradox', platform='Epic Games Store', is_dlc=False, is_hidden=False)
HeroicGame(app_name='a922e114727142e8b24d1499c274f223', title='Dreamscaper', platform='Epic Games Store', is_dlc=False, is_hidden=False)
HeroicGame(app_name='5cd54ad0ead447738bd9552b3d2a105b', title='The Drone Racing League Simulator', platform='Epic Games Store', is_dlc=False, is_hidden=False)
HeroicGame(app_name='351fe5b32e22412d8fa41f4c7395fed1', title='Dungeons 3', platform='Epic Games Store', is_dlc=False, is_hidden=False)
HeroicGame(app_name='1e9c3a9a10c6463e9c065f371b8b42bf', title='Duskers', platform='Epic Games Store', is_dlc=False, is_hidden=False)
HeroicGame(app_name='04a54ed532ce4fbfbf8fd5833f60def0', title='Dying Light', platform='Epic Games Store', is_dlc=False, is_hidden=False)
HeroicGame(app_name='15b19b0c4791459f8e60942b328ee460', title='Eastern Exorcist', platform='Epic Games Store', is_dlc=False, is_hidden=False)
HeroicGame(app_name='feb56be2152940029af3bc193970799d', title='El Hijo', platform='Epic Games Store', is_dlc=False, is_hidden=False)
HeroicGame(app_name='4d0ff75b922447649057c237c0bd1545', title='The Elder Scrolls Online', platform='Epic Games Store', is_dlc=False, is_hidden=False)
HeroicGame(app_name='019b8e62a48c4278ac5ca98d7986cd75', title='Electrician Simulator', platform='Epic Games Store', is_dlc=False, is_hidden=False)
HeroicGame(app_name='9c203b6ed35846e8a4a9ff1e314f6593', title='Elite Dangerous', platform='Epic Games Store', is_dlc=False, is_hidden=False)
HeroicGame(app_name='af0facaba8e643c1b9850d0683ff56df', title='Encased', platform='Epic Games Store', is_dlc=False, is_hidden=False)
HeroicGame(app_name='7965f1986b164300886ff35757217f54', title='ENDER LILIES: Quietus of the Knights', platform='Epic Games Store', is_dlc=False, is_hidden=False)
HeroicGame(app_name='Garlic', title='Enter the Gungeon', platform='Epic Games Store', is_dlc=False, is_hidden=False)
HeroicGame(app_name='4ec72fd8cbd94aa4acc61624c68fbc4f', title='Epistory - Typing Chronicles', platform='Epic Games Store', is_dlc=False, is_hidden=False)
HeroicGame(app_name='4237ffc575c94a0e89ef9ab7dd884ad5', title='Escape Academy', platform='Epic Games Store', is_dlc=False, is_hidden=False)
HeroicGame(app_name='Peony', title='The Escapists', platform='Epic Games Store', is_dlc=False, is_hidden=False)
HeroicGame(app_name='Oriole', title='The Eternal Cylinder', platform='Epic Games Store', is_dlc=False, is_hidden=False)
HeroicGame(app_name='ff1d9bf6b1304cb9a12b8754afa78ae5', title='Eternal Threads', platform='Epic Games Store', is_dlc=False, is_hidden=False)
HeroicGame(app_name='6ee8fe4d83fe49e49cbb79741616ec3b', title='Eternights', platform='Epic Games Store', is_dlc=False, is_hidden=False)
HeroicGame(app_name='da0103e959e54d139d0c109ded3b3672', title='Europa Universalis IV', platform='Epic Games Store', is_dlc=False, is_hidden=False)
HeroicGame(app_name='Pelican', title='Everything', platform='Epic Games Store', is_dlc=False, is_hidden=False)
HeroicGame(app_name='5c147002780d4e6eb292f54edfe73fda', title='Evil Dead The Game', platform='Epic Games Store', is_dlc=False, is_hidden=False)
HeroicGame(app_name='591e049d72b349daa64784a171379357', title='The Evil Within', platform='Epic Games Store', is_dlc=False, is_hidden=False)
HeroicGame(app_name='530f09c9ac834a7bbc98056c69b44471', title='Evoland Legendary Edition', platform='Epic Games Store', is_dlc=False, is_hidden=False)
HeroicGame(app_name='70f92598b33d42e290e411f07397aeee', title='Eximius: Seize the Frontline', platform='Epic Games Store', is_dlc=False, is_hidden=False)
HeroicGame(app_name='bf4808b3395b43fb80afbe6773e1661f', title='F.I.S.T.: Forged In Shadow Torch', platform='Epic Games Store', is_dlc=False, is_hidden=False)
HeroicGame(app_name='03c9fe3b2869452ba8433ee7708a3e93', title='F1® Manager 2024', platform='Epic Games Store', is_dlc=False, is_hidden=False)
HeroicGame(app_name='32dbb6444ce14e9198129b746c0d056f', title='The Falconeer', platform='Epic Games Store', is_dlc=False, is_hidden=False)
HeroicGame(app_name='74034e8449f2470d9f45115f3a49f9aa', title='Fallout 2: A Post Nuclear Role Playing Game', platform='Epic Games Store', is_dlc=False, is_hidden=False)
HeroicGame(app_name='908f75e7f1624819a70c27f543741dcd', title='Fallout Tactics: Brotherhood of Steel', platform='Epic Games Store', is_dlc=False, is_hidden=False)
HeroicGame(app_name='f8ef168f3522419caad27d82878e0329', title='Fallout: A Post Nuclear Role Playing Game', platform='Epic Games Store', is_dlc=False, is_hidden=False)
HeroicGame(app_name='5daeb974a22a435988892319b3a4f476', title='Fallout: New Vegas', platform='Epic Games Store', is_dlc=False, is_hidden=False)
HeroicGame(app_name='f452ea20ae1b43698209998b56c2cc1c', title='Farming Simulator 22', platform='Epic Games Store', is_dlc=False, is_hidden=False)
HeroicGame(app_name='34207deee7704cae912ff861937af7ed', title='Fashion Police Squad', platform='Epic Games Store', is_dlc=False, is_hidden=False)
HeroicGame(app_name='7ec86711ef70447fbfd4370ba9f185c6', title='Felix The Reaper', platform='Epic Games Store', is_dlc=False, is_hidden=False)
HeroicGame(app_name='Bluebird', title='Fez', platform='Epic Games Store', is_dlc=False, is_hidden=False)
HeroicGame(app_name='ed5e8d42b2ac461eb6f9176d163b9515', title='Figment', platform='Epic Games Store', is_dlc=False, is_hidden=False)
HeroicGame(app_name='c9bc73b3ec5e4cd6bce44b77783a58c8', title='Filthy Animals | Heist Simulator', platform='Epic Games Store', is_dlc=False, is_hidden=False)
HeroicGame(app_name='a0fbc3eb950341e290ae20a7d02cc501', title="Five Nights at Freddy's: Into the Pit", platform='Epic Games Store', is_dlc=False, is_hidden=False)
HeroicGame(app_name='ef041e69837d410ea851934ef879ba7b', title='Floppy Knights', platform='Epic Games Store', is_dlc=False, is_hidden=False)
HeroicGame(app_name='29c30b4114b247678453c84ae156715d', title='Football Manager 2022', platform='Epic Games Store', is_dlc=False, is_hidden=False)
HeroicGame(app_name='06e53aec2b194423af417babe92050db', title='Football Manager 2022 Editor', platform='Epic Games Store', is_dlc=False, is_hidden=False)
HeroicGame(app_name='678fd78b68e7432b82d6cbc2928d33fb', title='Football Manager 2022 Resource Archiver', platform='Epic Games Store', is_dlc=False, is_hidden=False)
HeroicGame(app_name='Sundrop', title='For Honor', platform='Epic Games Store', is_dlc=False, is_hidden=False)
HeroicGame(app_name='Discus', title='For The King', platform='Epic Games Store', is_dlc=False, is_hidden=False)
HeroicGame(app_name='dbb0b84f31244c7584490d205b74010c', title='The Forest Quartet', platform='Epic Games Store', is_dlc=False, is_hidden=False)
HeroicGame(app_name='320ba4df8b36412d983ffcffd3e0e8f0', title='Fort Triumph', platform='Epic Games Store', is_dlc=False, is_hidden=False)
HeroicGame(app_name='Fortnite', title='Fortnite', platform='Epic Games Store', is_dlc=False, is_hidden=False)
HeroicGame(app_name='c95f2c3e2e8b41f1bb9de3036e53f319', title='Freshly Frosted', platform='Epic Games Store', is_dlc=False, is_hidden=False)
HeroicGame(app_name='5f1c66366b2c4a6496d535d88c56e6cf', title='Galactic Civilizations III', platform='Epic Games Store', is_dlc=False, is_hidden=False)
HeroicGame(app_name='8931f79300d04c5889799bffc8ef70bd', title='Galactic Civilizations III (Test branch)', platform='Epic Games Store', is_dlc=False, is_hidden=False)
HeroicGame(app_name='61cc250618f94809a3ef6837c8d69445', title='Garden Story', platform='Epic Games Store', is_dlc=False, is_hidden=False)
HeroicGame(app_name='caa2c69bf2dc40b2b883e4cbbf5b0ab2', title='Geneforge 1: Mutagen', platform='Epic Games Store', is_dlc=False, is_hidden=False)
HeroicGame(app_name='ab374ffb0bab4b399a5d5cbdfde77a37', title='Ghostbusters: Spirits Unleashed Ecto Edition', platform='Epic Games Store', is_dlc=False, is_hidden=False)
HeroicGame(app_name='cc3213f280df4b428e85b771c09d1891', title='Ghostrunner 2', platform='Epic Games Store', is_dlc=False, is_hidden=False)
HeroicGame(app_name='007ff8f4e30845a687e66aa77eb3e965', title='Ghostwire Tokyo', platform='Epic Games Store', is_dlc=False, is_hidden=False)
HeroicGame(app_name='2dc25e07aa624edf9ff132c09ce23a7c', title='GigaBash', platform='Epic Games Store', is_dlc=False, is_hidden=False)
HeroicGame(app_name='d4d31e492ea24c0fbcc239c0bb29aed8', title='Gigantic: Rampage Edition', platform='Epic Games Store', is_dlc=False, is_hidden=False)
HeroicGame(app_name='1bcd791d54684eb29ed32ad1c0593d12', title='Gloomhaven', platform='Epic Games Store', is_dlc=False, is_hidden=False)
HeroicGame(app_name='Carp', title='Godfall', platform='Epic Games Store', is_dlc=False, is_hidden=False)
HeroicGame(app_name='f7c6294c948b47378659c9a963f449be', title='Godlike Burger', platform='Epic Games Store', is_dlc=False, is_hidden=False)
HeroicGame(app_name='69911638c74449d2a2651241be1b3ad4', title='Gods Will Fall', platform='Epic Games Store', is_dlc=False, is_hidden=False)
HeroicGame(app_name='1fb35ad93dd64570a1a8b08525ea83de', title='Godzilla Voxel Wars', platform='Epic Games Store', is_dlc=False, is_hidden=False)
HeroicGame(app_name='0eeaae41305043f7a465310eb2cbaff9', title='Golden Light', platform='Epic Games Store', is_dlc=False, is_hidden=False)
HeroicGame(app_name='fab83c3bf3d449718e042d44369e7fb6', title='Guacamelee! 2', platform='Epic Games Store', is_dlc=False, is_hidden=False)
HeroicGame(app_name='25b902f42cf04b17bc8a3db2f7292d58', title='Guacamelee! Super Turbo Championship Edition', platform='Epic Games Store', is_dlc=False, is_hidden=False)
HeroicGame(app_name='b9e848fc5e844f4285b0624789476664', title='Halcyon 6', platform='Epic Games Store', is_dlc=False, is_hidden=False)
HeroicGame(app_name='808f0dfbf3b84c2680793724d7f207bf', title='Hand of Fate 2', platform='Epic Games Store', is_dlc=False, is_hidden=False)
HeroicGame(app_name='52c0559bfc1a481aae81a179d8466848', title='Hardspace: Shipbreaker', platform='Epic Games Store', is_dlc=False, is_hidden=False)
HeroicGame(app_name='5ade01bafec54a148024665ce978b2a4', title='Hell is other demons', platform='Epic Games Store', is_dlc=False, is_hidden=False)
HeroicGame(app_name='3e02273b543f4ff0a1c24d3b534a9ac3', title='Hell Let Loose', platform='Epic Games Store', is_dlc=False, is_hidden=False)
HeroicGame(app_name='Ursus', title='Hello Neighbor', platform='Epic Games Store', is_dlc=False, is_hidden=False)
HeroicGame(app_name='4a38247847824b729d5509dc0474596c', title='Hexguardian', platform='Epic Games Store', is_dlc=False, is_hidden=False)
HeroicGame(app_name='886e934842de46bc8a65644e7d4fb75b', title='Hidden Folks', platform='Epic Games Store', is_dlc=False, is_hidden=False)
HeroicGame(app_name='fa4240e57a3c46b39f169041b7811293', title='Hogwarts Legacy', platform='Epic Games Store', is_dlc=False, is_hidden=False)
HeroicGame(app_name='098f5323a3994362b6c68503d8cf3d57', title='Hood Outlaws and Legends', platform='Epic Games Store', is_dlc=False, is_hidden=False)
HeroicGame(app_name='bb406082b69a47208489d3616b22b5c2', title='Horizon Chase Turbo', platform='Epic Games Store', is_dlc=False, is_hidden=False)
HeroicGame(app_name='48cfbcf29a4441a894d05a203e03dc74', title='House of Golf 2', platform='Epic Games Store', is_dlc=False, is_hidden=False)
HeroicGame(app_name='Herring', title='Hue', platform='Epic Games Store', is_dlc=False, is_hidden=False)
HeroicGame(app_name='5fc579fbef6a4bf99171861b68b8fcb2', title='HUMANKIND™', platform='Epic Games Store', is_dlc=False, is_hidden=False)
HeroicGame(app_name='a74e41bbacdc4a4798befb4d55b441de', title='Hundred Days - Winemaking Simulator', platform='Epic Games Store', is_dlc=False, is_hidden=False)
HeroicGame(app_name='Parakeet', title='Hyper Light Drifter', platform='Epic Games Store', is_dlc=False, is_hidden=False)
HeroicGame(app_name='40cb42e38c0b4a14a1bb133eb3291572', title='Idle Champions of the Forgotten Realms', platform='Epic Games Store', is_dlc=False, is_hidden=False)
HeroicGame(app_name='29ee5d32f328471590b3bd3ac03ed7d0', title='In Sound Mind', platform='Epic Games Store', is_dlc=False, is_hidden=False)
HeroicGame(app_name='78903903b1f1419bae248467f27ff470', title='INDUSTRIA', platform='Epic Games Store', is_dlc=False, is_hidden=False)
HeroicGame(app_name='Almond', title='InnerSpace', platform='Epic Games Store', is_dlc=False, is_hidden=False)
HeroicGame(app_name='Marigold', title='INSIDE', platform='Epic Games Store', is_dlc=False, is_hidden=False)
HeroicGame(app_name='8b556e7471ac46eda46445d93fa2e73f', title='Insurmountable', platform='Epic Games Store', is_dlc=False, is_hidden=False)
HeroicGame(app_name='ef50503adc284a8ba65d4dea1ecce91a', title='Invincible Presents: Atom Eve', platform='Epic Games Store', is_dlc=False, is_hidden=False)
HeroicGame(app_name='82ab0adb6e0b41bea531fcbb0c43cfc7', title='Iratus', platform='Epic Games Store', is_dlc=False, is_hidden=False)
HeroicGame(app_name='ac8f20a7931e4d63a1db4dc1267ec3d1', title='Ironcast', platform='Epic Games Store', is_dlc=False, is_hidden=False)
HeroicGame(app_name='5e37739a766b4457981d2992f93ac72c', title='Islets', platform='Epic Games Store', is_dlc=False, is_hidden=False)
HeroicGame(app_name='Feverfew', title='The Jackbox Party Pack', platform='Epic Games Store', is_dlc=False, is_hidden=False)
HeroicGame(app_name='5981cb19a1a845fba4d245fafa856968', title='Jennifer Wilde Unlikely Revolutionaries', platform='Epic Games Store', is_dlc=False, is_hidden=False)
HeroicGame(app_name='ca584681f53d4dedab49340ad598e1b8', title='Jitsu Squad', platform='Epic Games Store', is_dlc=False, is_hidden=False)
HeroicGame(app_name='e132ad8053a14165b881a16124fdd844', title='Jorel’s Brother and The Most Important Game of the Galaxy', platform='Epic Games Store', is_dlc=False, is_hidden=False)
HeroicGame(app_name='Grouse', title='Jotun Valhalla Edition', platform='Epic Games Store', is_dlc=False, is_hidden=False)
HeroicGame(app_name='373a4372c20540aca7fdd880d27fa49a', title='Jurassic World Evolution', platform='Epic Games Store', is_dlc=False, is_hidden=False)
HeroicGame(app_name='70883ed009994efe86d00a5fb8f2b52e', title='Jurassic World Evolution 2', platform='Epic Games Store', is_dlc=False, is_hidden=False)
HeroicGame(app_name='Kakopo', title='Just Cause 4', platform='Epic Games Store', is_dlc=False, is_hidden=False)
HeroicGame(app_name='7763cb8916654651a50593a813ae7c38', title='Kao the Kangaroo', platform='Epic Games Store', is_dlc=False, is_hidden=False)
HeroicGame(app_name='985373b4b4754b18b2f88ca100040ccc', title='Kardboard Kings', platform='Epic Games Store', is_dlc=False, is_hidden=False)
HeroicGame(app_name='f976812fbda048fab62b072c44ff2521', title='Keylocker | Turn Based Cyberpunk Action', platform='Epic Games Store', is_dlc=False, is_hidden=False)
HeroicGame(app_name='8e13887ce02a4b5eb1a0ba17aa5405f3', title='KeyWe', platform='Epic Games Store', is_dlc=False, is_hidden=False)
HeroicGame(app_name='Finch', title='Killing Floor 2', platform='Epic Games Store', is_dlc=False, is_hidden=False)
HeroicGame(app_name='3223ccf6ac9b4189bd4e144c047d33fb', title='KillingFloor2Beta', platform='Epic Games Store', is_dlc=False, is_hidden=False)
HeroicGame(app_name='Eel', title='Kingdom Come Deliverance', platform='Epic Games Store', is_dlc=False, is_hidden=False)
HeroicGame(app_name='cacao', title='Kingdom New Lands', platform='Epic Games Store', is_dlc=False, is_hidden=False)
HeroicGame(app_name='90f9ff166b404502a939ae217ff5109e', title='Knockout City', platform='Epic Games Store', is_dlc=False, is_hidden=False)
HeroicGame(app_name='Pumpkin', title='Last Day of June', platform='Epic Games Store', is_dlc=False, is_hidden=False)
HeroicGame(app_name='5b8398d00cb445b3b819e2317b2b2b71', title='The Last Show of Mr. Chardish', platform='Epic Games Store', is_dlc=False, is_hidden=False)
HeroicGame(app_name='7a555b9dd80a4992a6ea33fe3f6b13c8', title='Lawn Mowing Simulator', platform='Epic Games Store', is_dlc=False, is_hidden=False)
HeroicGame(app_name='Cilantro', title='Layers of Fear', platform='Epic Games Store', is_dlc=False, is_hidden=False)
HeroicGame(app_name='473e24df09f843a1acc4aa16b01dae83', title='Layers of Fear 2', platform='Epic Games Store', is_dlc=False, is_hidden=False)
HeroicGame(app_name='86982262b877446db74928dce458c3e7', title='LEGO® 2K Drive', platform='Epic Games Store', is_dlc=False, is_hidden=False)
HeroicGame(app_name='Grackle', title='LEGO® Batman™ 2 DC Super Heroes', platform='Epic Games Store', is_dlc=False, is_hidden=False)
HeroicGame(app_name='Gull', title='LEGO® Batman™ 3 Beyond Gotham', platform='Epic Games Store', is_dlc=False, is_hidden=False)
HeroicGame(app_name='Goldeneye', title='LEGO® Batman™ The Videogame', platform='Epic Games Store', is_dlc=False, is_hidden=False)
HeroicGame(app_name='f7a456368be244ddbb2424774917a3a8', title="Let's Build a Zoo", platform='Epic Games Store', is_dlc=False, is_hidden=False)
HeroicGame(app_name='fdf3e1fda2ea4a7384c3cc7b0e7267ed', title='Liberte', platform='Epic Games Store', is_dlc=False, is_hidden=False)
HeroicGame(app_name='a42a95a46dc942318350cd4d0ee3163b', title='LISA: The Joyful - Definitive Edition', platform='Epic Games Store', is_dlc=False, is_hidden=False)
HeroicGame(app_name='ee6a6b5ad66e4d94abe462ba331ddc4b', title='LISA: The Painful - Definitive Edition', platform='Epic Games Store', is_dlc=False, is_hidden=False)
HeroicGame(app_name='f7a0ebb44f93430fb1c4388a395eba96', title='Loop Hero', platform='Epic Games Store', is_dlc=False, is_hidden=False)
HeroicGame(app_name='8e4f8dc250364e30aef276555bba1734', title='The Lord of The Rings: Return to Moria™', platform='Epic Games Store', is_dlc=False, is_hidden=False)
HeroicGame(app_name='7d5ec41fb5ae49c5beca9360034fd57e', title='Lost Castle', platform='Epic Games Store', is_dlc=False, is_hidden=False)
HeroicGame(app_name='f99d3d6da3454662913621222037417d', title='LOVE', platform='Epic Games Store', is_dlc=False, is_hidden=False)
HeroicGame(app_name='0ad263edbcdb4980a28759a8ac1229de', title="Lovecraft's Untold Stories", platform='Epic Games Store', is_dlc=False, is_hidden=False)
HeroicGame(app_name='5ff96008f7314df4bb188cd085b1cdf4', title='LumbearJack', platform='Epic Games Store', is_dlc=False, is_hidden=False)
HeroicGame(app_name='f3208566bd004bbfb1a7a4d40fbf8ea4', title='Lysfanga: The Time Shift Warrior', platform='Epic Games Store', is_dlc=False, is_hidden=False)
HeroicGame(app_name='4b920bb4aebf4586a4f6d823817fe32d', title='Mages of Mystralia', platform='Epic Games Store', is_dlc=False, is_hidden=False)
HeroicGame(app_name='e25566912b57452b929cf8c333a16ca8', title='Maid of Sker', platform='Epic Games Store', is_dlc=False, is_hidden=False)
HeroicGame(app_name='Turtle', title='Maneater', platform='Epic Games Store', is_dlc=False, is_hidden=False)
HeroicGame(app_name='63a665088eb1480298f1e57943b225d8', title="Marvel's Guardians of the Galaxy", platform='Epic Games Store', is_dlc=False, is_hidden=False)
HeroicGame(app_name='49550aa9fcd74552ae07c4e9f2c262fe', title="Marvel's Midnight Suns", platform='Epic Games Store', is_dlc=False, is_hidden=False)
HeroicGame(app_name='456f53b28c384f02865874299f956501', title='Midnight Ghost Hunt', platform='Epic Games Store', is_dlc=False, is_hidden=False)
HeroicGame(app_name='c9a6ab84f1ea48afb2317a9429a0da9a', title='Mighty Fight Federation', platform='Epic Games Store', is_dlc=False, is_hidden=False)
HeroicGame(app_name='Petrel', title='Minit', platform='Epic Games Store', is_dlc=False, is_hidden=False)
HeroicGame(app_name='4a31c45c04e243cc97f3e47bc663fb18', title='Model Builder: Complete Edition', platform='Epic Games Store', is_dlc=False, is_hidden=False)
HeroicGame(app_name='cd03160de3bf4f2789d32a3798501564', title='Monument Valley', platform='Epic Games Store', is_dlc=False, is_hidden=False)
HeroicGame(app_name='339aea309f8249d998659728790f149e', title='Morbid: The Seven Acolytes', platform='Epic Games Store', is_dlc=False, is_hidden=False)
HeroicGame(app_name='0055e45ce7654c55aade646467349e83', title='Mortal Shell', platform='Epic Games Store', is_dlc=False, is_hidden=False)
HeroicGame(app_name='f0ac8218ef7d4b5aabec153e3f193db6', title='Mortal Shell Tech Beta', platform='Epic Games Store', is_dlc=False, is_hidden=False)
HeroicGame(app_name='ee5c6a659d0f478fba0049fa44429a1f', title='Mothergunship', platform='Epic Games Store', is_dlc=False, is_hidden=False)
HeroicGame(app_name='8e29583ae4b44a21883038668f7e301e', title='Moving Out', platform='Epic Games Store', is_dlc=False, is_hidden=False)
HeroicGame(app_name='2c3dd568cada4c229753f550a44dcf2b', title='Murder by Numbers', platform='Epic Games Store', is_dlc=False, is_hidden=False)
HeroicGame(app_name='Falcon', title='Mutant Year Zero Road to Eden', platform='Epic Games Store', is_dlc=False, is_hidden=False)
HeroicGame(app_name='1fe19232c0f7476a8e99fd8752e800c2', title='Mutazione', platform='Epic Games Store', is_dlc=False, is_hidden=False)
HeroicGame(app_name='639977eecfd2497c941b71af949b5067', title='NBA 2K21', platform='Epic Games Store', is_dlc=False, is_hidden=False)
HeroicGame(app_name='04b548b98c934229842ffc00fb93aaba', title='Necromunda: Hired Gun', platform='Epic Games Store', is_dlc=False, is_hidden=False)
HeroicGame(app_name='a9999cf992d74279b410a0ac9608e153', title='Neko Ghost, Jump!', platform='Epic Games Store', is_dlc=False, is_hidden=False)
HeroicGame(app_name='f38de9fa4c6d43eabac080942cb394a1', title='Never Alone (Kisima Ingitchuna)', platform='Epic Games Store', is_dlc=False, is_hidden=False)
HeroicGame(app_name='9598a70268124b108d80af9d873917b5', title='New Tales from the Borderlands', platform='Epic Games Store', is_dlc=False, is_hidden=False)
HeroicGame(app_name='b5e42b0dc2f544a5bbb4080a433b8b71', title='Nioh: The Complete Edition', platform='Epic Games Store', is_dlc=False, is_hidden=False)
HeroicGame(app_name='Raven', title='No Straight Roads: Encore Edition', platform='Epic Games Store', is_dlc=False, is_hidden=False)
HeroicGame(app_name='7ba101a6119b460b9f272a0d02197ee0', title='Nobody Wants to Die', platform='Epic Games Store', is_dlc=False, is_hidden=False)
HeroicGame(app_name='635e08e4b4824baabd24ef3cf941743c', title='Obduction', platform='Epic Games Store', is_dlc=False, is_hidden=False)
HeroicGame(app_name='7c566548d24343e48151125ced4b494c', title="Oddworld: New 'n' Tasty", platform='Epic Games Store', is_dlc=False, is_hidden=False)
HeroicGame(app_name='Snapper', title='Offworld Trading Company', platform='Epic Games Store', is_dlc=False, is_hidden=False)
HeroicGame(app_name='ad10e9b2f38d491499785412149cdc49', title='Ogu and the Secret Forest', platform='Epic Games Store', is_dlc=False, is_hidden=False)
HeroicGame(app_name='5919f2a03ba34e36b8e7de60acc26736', title='The Operator', platform='Epic Games Store', is_dlc=False, is_hidden=False)
HeroicGame(app_name='3047a2d268da49588bbd22c806cde4de', title='Orcs Must Die! 3', platform='Epic Games Store', is_dlc=False, is_hidden=False)
HeroicGame(app_name='6b994d7f4f2a4e85a54d5c2ede6d2fed', title='Out of Line', platform='Epic Games Store', is_dlc=False, is_hidden=False)
HeroicGame(app_name='Sage', title='Overcooked', platform='Epic Games Store', is_dlc=False, is_hidden=False)
HeroicGame(app_name='Potoo', title='Overcooked! 2', platform='Epic Games Store', is_dlc=False, is_hidden=False)
HeroicGame(app_name='8fceb562623c430db9bb6abf0549c43e', title='Pathway', platform='Epic Games Store', is_dlc=False, is_hidden=False)
HeroicGame(app_name='7d6b8784bab94d6cac5fea5ab7bb07a4', title='PAYDAY 2', platform='Epic Games Store', is_dlc=False, is_hidden=False)
HeroicGame(app_name='ab277c0995e945d2b2c50c46883627f1', title='PC Building Simulator', platform='Epic Games Store', is_dlc=False, is_hidden=False)
HeroicGame(app_name='956ee1dc4d5846648dc0666d7994284f', title='Pilgrims', platform='Epic Games Store', is_dlc=False, is_hidden=False)
HeroicGame(app_name='bcc75c246fe04e45b0c1f1c3fd52503a', title='Pillars of Eternity - Definitive Edition', platform='Epic Games Store', is_dlc=False, is_hidden=False)
HeroicGame(app_name='6d564ff21f9c45b7b782b7113ad60be8', title='Pine', platform='Epic Games Store', is_dlc=False, is_hidden=False)
HeroicGame(app_name='541ae054ff3d487caf0a6d7521b66f90', title='PlateUp!', platform='Epic Games Store', is_dlc=False, is_hidden=False)
HeroicGame(app_name='e355b009d8334b7e8f3983cafc9a2dc1', title='Poker Club', platform='Epic Games Store', is_dlc=False, is_hidden=False)
HeroicGame(app_name='Boxfish', title='Predator: Hunting Grounds Standard Edition', platform='Epic Games Store', is_dlc=False, is_hidden=False)
HeroicGame(app_name='97b084f37e344733ac82f493ac90753c', title='Predecessor', platform='Epic Games Store', is_dlc=False, is_hidden=False)
HeroicGame(app_name='5ffb49b9c01c44c6adb03fd5430e9b03', title='Priest Simulator: Vampire Show', platform='Epic Games Store', is_dlc=False, is_hidden=False)
HeroicGame(app_name='440abc2d035f494a9bf172ed29f9fa2f', title='Q.U.B.E. 10th Anniversary', platform='Epic Games Store', is_dlc=False, is_hidden=False)
HeroicGame(app_name='Auk', title='Q.U.B.E. 2', platform='Epic Games Store', is_dlc=False, is_hidden=False)
HeroicGame(app_name='AukSoundtrack', title='Q.U.B.E. 2 Soundtrack', platform='Epic Games Store', is_dlc=False, is_hidden=False)
HeroicGame(app_name='ad3d0f08dd0841d8a1ba77d94ded4773', title='RAGE 2', platform='Epic Games Store', is_dlc=False, is_hidden=False)
HeroicGame(app_name='8cf7c6b964514532ad8284a376a517bf', title='Railway Empire', platform='Epic Games Store', is_dlc=False, is_hidden=False)
HeroicGame(app_name='93228a1a7b2b4205811d8edf930a0c18', title='RAWMEN: Food Fighter Arena 🍜', platform='Epic Games Store', is_dlc=False, is_hidden=False)
HeroicGame(app_name='Anchovy', title='Rayman Legends', platform='Epic Games Store', is_dlc=False, is_hidden=False)
HeroicGame(app_name='Weaver', title='Rebel Galaxy', platform='Epic Games Store', is_dlc=False, is_hidden=False)
HeroicGame(app_name='61e074e998044594b7bb566fe111687b', title='Recipe for Disaster', platform='Epic Games Store', is_dlc=False, is_hidden=False)
HeroicGame(app_name='0a0841c5f62f4c59bdb78ee9b5a7d58b', title='Redemption Reapers', platform='Epic Games Store', is_dlc=False, is_hidden=False)
HeroicGame(app_name='b4670484aae24db492f0b468a98fe361', title='Relicta', platform='Epic Games Store', is_dlc=False, is_hidden=False)
HeroicGame(app_name='b4a0d2d15acb4db894a599b810297543', title='Remnant: From the Ashes', platform='Epic Games Store', is_dlc=False, is_hidden=False)
HeroicGame(app_name='3bb6343f56bd47e095610348c8fabdba', title='Republic of Jungle', platform='Epic Games Store', is_dlc=False, is_hidden=False)
HeroicGame(app_name='e7d7c393d6f7499596e7d268a58b1970', title='Return to Ash', platform='Epic Games Store', is_dlc=False, is_hidden=False)
HeroicGame(app_name='Hydrangea', title='RiME', platform='Epic Games Store', is_dlc=False, is_hidden=False)
HeroicGame(app_name='130285de16cc429abc603eaf95b8787b', title='Ring of Pain', platform='Epic Games Store', is_dlc=False, is_hidden=False)
HeroicGame(app_name='cf6c487e39a14113b75d1f625fed1da7', title='Rise of Industry', platform='Epic Games Store', is_dlc=False, is_hidden=False)
HeroicGame(app_name='b7c6482e93cb4cd3a31d8e758c394e19', title='Rising Hell', platform='Epic Games Store', is_dlc=False, is_hidden=False)
HeroicGame(app_name='588cec64448242d8b61188205d97f887', title='River City Girls', platform='Epic Games Store', is_dlc=False, is_hidden=False)
HeroicGame(app_name='087f062df2574091a67fe614a6ec15a4', title='Riverbond', platform='Epic Games Store', is_dlc=False, is_hidden=False)
HeroicGame(app_name='39b13b169e1d4e798543f931bc3a95b4', title='Road Redemption', platform='Epic Games Store', is_dlc=False, is_hidden=False)
HeroicGame(app_name='01f1e8046e9e433db190a611a0411579', title='Rogue Legacy', platform='Epic Games Store', is_dlc=False, is_hidden=False)
HeroicGame(app_name='281a47e363284108b82bf05c1a612145', title='RollerCoaster Tycoon® 3: Complete Edition', platform='Epic Games Store', is_dlc=False, is_hidden=False)
HeroicGame(app_name='85efb11aaeec4239989113f9a598b372', title='Runbow', platform='Epic Games Store', is_dlc=False, is_hidden=False)
HeroicGame(app_name='6dfbeb5a6f2e42b5a6a5dcf7a8269e9c', title='Rustler - Grand Theft Horse', platform='Epic Games Store', is_dlc=False, is_hidden=False)
HeroicGame(app_name='9b48cbb1a0cf4a73b87ccbf4cde04b26', title='Sable', platform='Epic Games Store', is_dlc=False, is_hidden=False)
HeroicGame(app_name='0d35a1d0eade40c5ac0bea5eed8b5338', title='Saints Row IV Re-Elected', platform='Epic Games Store', is_dlc=False, is_hidden=False)
HeroicGame(app_name='Loon', title='Saints Row The Third Remastered', platform='Epic Games Store', is_dlc=False, is_hidden=False)
HeroicGame(app_name='499f085e442048aa854d6250b21c42fb', title='Salt and Sanctuary', platform='Epic Games Store', is_dlc=False, is_hidden=False)
HeroicGame(app_name='a73d06279eb649328c867d5352fc7c72', title='Samorost 3', platform='Epic Games Store', is_dlc=False, is_hidden=False)
HeroicGame(app_name='75553c71fa1744a4be89f71d5b862eae', title='SAMURAI SHODOWN NEOGEO COLLECTION', platform='Epic Games Store', is_dlc=False, is_hidden=False)
HeroicGame(app_name='dbee85010fa34bef9f3611faee19220e', title='Sands of Aura', platform='Epic Games Store', is_dlc=False, is_hidden=False)
HeroicGame(app_name='56348ac4c88f4d6aa8881b1da06e1f49', title='Scarf', platform='Epic Games Store', is_dlc=False, is_hidden=False)
HeroicGame(app_name='6c1001a19926456db77fd1b4dd705a79', title='Session: Skate Sim', platform='Epic Games Store', is_dlc=False, is_hidden=False)
HeroicGame(app_name='7179f095efcc4f92a950a6d9dbd9c602', title='Severed Steel', platform='Epic Games Store', is_dlc=False, is_hidden=False)
HeroicGame(app_name='Fangtooth', title='Shadow Tactics: Blades of the Shogun', platform='Epic Games Store', is_dlc=False, is_hidden=False)
HeroicGame(app_name='b9af0845f9d64b0d9e851d9811141f67', title='Sheltered', platform='Epic Games Store', is_dlc=False, is_hidden=False)
HeroicGame(app_name='0afb9d54dd3743a582b48b506466d3f8', title='Sherlock Holmes: Crimes and Punishments', platform='Epic Games Store', is_dlc=False, is_hidden=False)
HeroicGame(app_name='329064225aaf4df29c4658f141173905', title='Shop Titans', platform='Epic Games Store', is_dlc=False, is_hidden=False)
HeroicGame(app_name='Kinglet', title="Sid Meier's Civilization VI", platform='Epic Games Store', is_dlc=False, is_hidden=False)
HeroicGame(app_name='19a750a7d7974f9291c0584feedb94b0', title='The Silent Age', platform='Epic Games Store', is_dlc=False, is_hidden=False)
HeroicGame(app_name='6d3e443c997b4ebdb61a299161b3367a', title='SkyDrift Infinity', platform='Epic Games Store', is_dlc=False, is_hidden=False)
HeroicGame(app_name='d8a4c98b5020483881eb7f0c3fc4cea3', title='Slain: Back From Hell', platform='Epic Games Store', is_dlc=False, is_hidden=False)
HeroicGame(app_name='8337d1f975514d35ad0c1176e8a29f26', title='Snakebird Complete', platform='Epic Games Store', is_dlc=False, is_hidden=False)
HeroicGame(app_name='f8b6cc851ab34f5f9f07654426dc2429', title='Sniper Ghost Warrior Contracts', platform='Epic Games Store', is_dlc=False, is_hidden=False)
HeroicGame(app_name='d366ae16e31b41869cf26c6ee309e7f3', title='Soulstice', platform='Epic Games Store', is_dlc=False, is_hidden=False)
HeroicGame(app_name='a2b2ed0324c44902b9058e23dedc76e3', title='Spelldrifter', platform='Epic Games Store', is_dlc=False, is_hidden=False)
HeroicGame(app_name='8de4840d52d645119f0a08d1f6ce206d', title='The Spirit and the Mouse', platform='Epic Games Store', is_dlc=False, is_hidden=False)
HeroicGame(app_name='d2d941e5c1ec44ae9e87e9e7cdddf1dd', title='Spirit of the North', platform='Epic Games Store', is_dlc=False, is_hidden=False)
HeroicGame(app_name='ab9bdfa5a0c945f69b9e7d651990cb14', title='STALCRAFT: X', platform='Epic Games Store', is_dlc=False, is_hidden=False)
HeroicGame(app_name='Freesia', title='The Stanley Parable', platform='Epic Games Store', is_dlc=False, is_hidden=False)
HeroicGame(app_name='c331118f7ded4050ba0a1182677e3b97', title='Star Stuff', platform='Epic Games Store', is_dlc=False, is_hidden=False)
HeroicGame(app_name='bobcat', title='Star Wars Squadrons', platform='Epic Games Store', is_dlc=False, is_hidden=False)
HeroicGame(app_name='MtMassive', title='STAR WARS™ Battlefront™ II: Celebration Edition', platform='Epic Games Store', is_dlc=False, is_hidden=False)
HeroicGame(app_name='4e4e5473a79b40a1a4aee3bb0f612718', title='STASIS : BONE TOTEM', platform='Epic Games Store', is_dlc=False, is_hidden=False)
HeroicGame(app_name='Barracuda', title='Steep', platform='Epic Games Store', is_dlc=False, is_hidden=False)
HeroicGame(app_name='Parsley', title='Stories Untold', platform='Epic Games Store', is_dlc=False, is_hidden=False)
HeroicGame(app_name='2fb0eae795104757977dfe8f93b5e593', title='Submerged Hidden Depths', platform='Epic Games Store', is_dlc=False, is_hidden=False)
HeroicGame(app_name='Jaguar', title='Subnautica', platform='Epic Games Store', is_dlc=False, is_hidden=False)
HeroicGame(app_name='Moa', title='Sundered Eldritch Edition', platform='Epic Games Store', is_dlc=False, is_hidden=False)
HeroicGame(app_name='2420b50453144c07b3b847fff941275d', title='Sunless Sea', platform='Epic Games Store', is_dlc=False, is_hidden=False)
HeroicGame(app_name='Moose', title='Super Meat Boy Forever', platform='Epic Games Store', is_dlc=False, is_hidden=False)
HeroicGame(app_name='eccf14e21df84712a54d2b89b20d15f9', title='Super Space Club', platform='Epic Games Store', is_dlc=False, is_hidden=False)
HeroicGame(app_name='f6d328ca5be24fd585478d1477e1ea4d', title='Superbrothers: Sword & Sworcery EP', platform='Epic Games Store', is_dlc=False, is_hidden=False)
HeroicGame(app_name='1b037ad2c1e94e7e996b4a16f741025a', title='Supraland', platform='Epic Games Store', is_dlc=False, is_hidden=False)
HeroicGame(app_name='Ovenbird', title='Surviving Mars', platform='Epic Games Store', is_dlc=False, is_hidden=False)
HeroicGame(app_name='178c9c2b209a409e88a729ddb9aba7d2', title='Tales from the Borderlands', platform='Epic Games Store', is_dlc=False, is_hidden=False)
HeroicGame(app_name='ecfdc10170eb49b6b61cf16b3aa36d56', title='Tannenberg', platform='Epic Games Store', is_dlc=False, is_hidden=False)
HeroicGame(app_name='16a7b366b94c4cf2843dd0dfda4bbd19', title="Teenage Mutant Ninja Turtles: Shredder's Revenge", platform='Epic Games Store', is_dlc=False, is_hidden=False)
HeroicGame(app_name='582c8940f499450d9033840efe5937a6', title='Terraforming Mars', platform='Epic Games Store', is_dlc=False, is_hidden=False)
HeroicGame(app_name='4f0c34d469bb47b2bcf5b377f47ccfe3', title='theHunter: Call of the Wild™', platform='Epic Games Store', is_dlc=False, is_hidden=False)
HeroicGame(app_name='2d9d7555ccdd4ceaa1b60e501ba0bacd', title="Them's Fightin' Herds", platform='Epic Games Store', is_dlc=False, is_hidden=False)
HeroicGame(app_name='Tulip', title='Thimbleweed Park', platform='Epic Games Store', is_dlc=False, is_hidden=False)
HeroicGame(app_name='eb6ddfb245f647e2bb6902f52f38a535', title="Tiny Tina's Wonderlands", platform='Epic Games Store', is_dlc=False, is_hidden=False)
HeroicGame(app_name='b52629f0e26f42adb0ee85573bb7fc87', title='To The Rescue', platform='Epic Games Store', is_dlc=False, is_hidden=False)
HeroicGame(app_name='37d84dd0b65a40e9b0719141b987a216', title='ToeJam & Earl: Back in the Groove!', platform='Epic Games Store', is_dlc=False, is_hidden=False)
HeroicGame(app_name='Terragon', title='Torchlight', platform='Epic Games Store', is_dlc=False, is_hidden=False)
HeroicGame(app_name='Goby', title='Tormentor X Punisher', platform='Epic Games Store', is_dlc=False, is_hidden=False)
HeroicGame(app_name='30d3a88d29e24716ac5a4720042289f7', title='Total War: WARHAMMER', platform='Epic Games Store', is_dlc=False, is_hidden=False)
HeroicGame(app_name='a019487eae90442baa6e2cc84a61447e', title='Total War: WARHAMMER II', platform='Epic Games Store', is_dlc=False, is_hidden=False)
HeroicGame(app_name='37a618f3d198405ead9c48c7749b52e5', title='Total War: WARHAMMER III', platform='Epic Games Store', is_dlc=False, is_hidden=False)
HeroicGame(app_name='Hoatzin', title='Totally Reliable Delivery Service', platform='Epic Games Store', is_dlc=False, is_hidden=False)
HeroicGame(app_name='fe118ed0362040c994b510da064876ca', title='Touch Type Tale', platform='Epic Games Store', is_dlc=False, is_hidden=False)
HeroicGame(app_name='Bichir', title='Towerfall Ascension', platform='Epic Games Store', is_dlc=False, is_hidden=False)
HeroicGame(app_name='fec1a1199e624a79b6293cef4e1d3505', title='Town of Salem 2', platform='Epic Games Store', is_dlc=False, is_hidden=False)
HeroicGame(app_name='dd75b5c168d546cc869582c0389f0a1d', title='Train Sim World 2', platform='Epic Games Store', is_dlc=False, is_hidden=False)
HeroicGame(app_name='a617890cec1542d6ba760ba13f79225e', title='Train Valley 2', platform='Epic Games Store', is_dlc=False, is_hidden=False)
HeroicGame(app_name='4dfe86c3ca4541edb53d47f6e2e47d30', title='Trek to Yomi', platform='Epic Games Store', is_dlc=False, is_hidden=False)
HeroicGame(app_name='e4867c438f854da5a1d1f8c8609cac22', title='Tropico 5', platform='Epic Games Store', is_dlc=False, is_hidden=False)
HeroicGame(app_name='4ef688c407a048aba79b8c5e1fdfa61f', title='Troublemaker', platform='Epic Games Store', is_dlc=False, is_hidden=False)
HeroicGame(app_name='fd51551d919847beb178985f6daf0306', title='Tunche', platform='Epic Games Store', is_dlc=False, is_hidden=False)
HeroicGame(app_name='9b1148db19dc457aa1adf9f21ac6f0ff', title='Turmoil', platform='Epic Games Store', is_dlc=False, is_hidden=False)
HeroicGame(app_name='3d34f303a68c44c2a9b44a3988533e90', title='Turnip Boy Commits Tax Evasion', platform='Epic Games Store', is_dlc=False, is_hidden=False)
HeroicGame(app_name='c98c934106994f2d8afc36c3f1872549', title='Undying', platform='Epic Games Store', is_dlc=False, is_hidden=False)
HeroicGame(app_name='bd60c8f307e24e70abf12938e606d0c9', title='Vampire: The Masquerade - Reckoning of New York', platform='Epic Games Store', is_dlc=False, is_hidden=False)
HeroicGame(app_name='9447b19ffb6a47e1a654b75178779a28', title='The Vanishing of Ethan Carter', platform='Epic Games Store', is_dlc=False, is_hidden=False)
HeroicGame(app_name='58a6b5e81c644fba8bab2e05137429d9', title='The Vanishing of Ethan Carter Redux', platform='Epic Games Store', is_dlc=False, is_hidden=False)
HeroicGame(app_name='595e35287b824902a2f7107139603732', title='Void Bastards', platform='Epic Games Store', is_dlc=False, is_hidden=False)
HeroicGame(app_name='Fennel', title='The Walking Dead: Michonne', platform='Epic Games Store', is_dlc=False, is_hidden=False)
HeroicGame(app_name='da5b18cb1e7a452196c3142f2c1d7dd3', title='Warhammer 40,000: Gladius - Relics of War', platform='Epic Games Store', is_dlc=False, is_hidden=False)
HeroicGame(app_name='1f695dfd76d8438d8dd4046fe75daab0', title='Warpips', platform='Epic Games Store', is_dlc=False, is_hidden=False)
HeroicGame(app_name='5ab7c9b39f81481c88dce1e4f106a594', title='Weird West: Definitive Edition', platform='Epic Games Store', is_dlc=False, is_hidden=False)
HeroicGame(app_name='Badger', title='What Remains of Edith Finch', platform='Epic Games Store', is_dlc=False, is_hidden=False)
HeroicGame(app_name='Escolar', title='Wheels of Aurelia', platform='Epic Games Store', is_dlc=False, is_hidden=False)
HeroicGame(app_name='e8964b869b6849bea41eefec766cd665', title='Where The Water Tastes Like Wine', platform='Epic Games Store', is_dlc=False, is_hidden=False)
HeroicGame(app_name='6fd5e6a8632c499fa2657cf650c96b14', title='Wild Card Football', platform='Epic Games Store', is_dlc=False, is_hidden=False)
HeroicGame(app_name='e9c18eae78964527853bfa2053d346e2', title='Wildcat Gun Machine', platform='Epic Games Store', is_dlc=False, is_hidden=False)
HeroicGame(app_name='a95bf4df6627431ca5baff8173c59635', title='Windbound', platform='Epic Games Store', is_dlc=False, is_hidden=False)
HeroicGame(app_name='fdbd9987b8344d2ead326c7f18d6da0e', title='Witch It', platform='Epic Games Store', is_dlc=False, is_hidden=False)
HeroicGame(app_name='Magnolia', title='The Witness', platform='Epic Games Store', is_dlc=False, is_hidden=False)
HeroicGame(app_name='Cobbler', title='The Wolf Among Us', platform='Epic Games Store', is_dlc=False, is_hidden=False)
HeroicGame(app_name='a64dcf9b711a4a60a3c0b6f052dfc7da', title='Wolfenstein: The New Order', platform='Epic Games Store', is_dlc=False, is_hidden=False)
HeroicGame(app_name='4c30fe9841264abfb120b581d061a8fd', title='Wonder Boy The Dragons Trap', platform='Epic Games Store', is_dlc=False, is_hidden=False)
HeroicGame(app_name='39a0313492c84cf79b119efb09df90e5', title='The World Next Door', platform='Epic Games Store', is_dlc=False, is_hidden=False)
HeroicGame(app_name='Wombat', title='World War Z', platform='Epic Games Store', is_dlc=False, is_hidden=False)
HeroicGame(app_name='3be3c4d681bc46b3b8b26c5df3ae0a18', title='XCOM 2', platform='Epic Games Store', is_dlc=False, is_hidden=False)
HeroicGame(app_name='Duckbill', title='Yooka-Laylee and the Impossible Lair', platform='Epic Games Store', is_dlc=False, is_hidden=False)
HeroicGame(app_name='71d86610f6d4447086528778da3c384e', title='Zoeti', platform='Epic Games Store', is_dlc=False, is_hidden=False)
HeroicGame(app_name='Sparrow', title='Zombie Army 4 Dead War', platform='Epic Games Store', is_dlc=False, is_hidden=False)
HeroicGame(app_name='028eaf5aa1bf4867b4bf163303d338d3', title='ARK The Center', platform='Epic Games Store', is_dlc=True, is_hidden=False)
HeroicGame(app_name='098b530746fa4cfb8b11484bfdc18a2d', title='Sand Patch Grade', platform='Epic Games Store', is_dlc=True, is_hidden=False)
HeroicGame(app_name='09c5bee2ad8940d7b923314b60ec8265', title='Train Sim World® 4 Compatible: Bakerloo Line', platform='Epic Games Store', is_dlc=True, is_hidden=False)
HeroicGame(app_name='0e07b42c0ffe4cfdb2095568f461f38f', title='Train Sim World® 5: Sand Patch Grade', platform='Epic Games Store', is_dlc=True, is_hidden=False)
HeroicGame(app_name='1360dbfe60a04beaab046f50c42f51f0', title='Model Builder: Frostpunk DLC', platform='Epic Games Store', is_dlc=True, is_hidden=False)
HeroicGame(app_name='19ef3873bd3e4a0db73bfc5422acf949', title='Train Sim World® 5: Schnellfahrstrecke Köln-Aachen', platform='Epic Games Store', is_dlc=True, is_hidden=False)
HeroicGame(app_name='25a83a57cf5f487d98e073b8a92e1f8d', title='Model Builder: Military Pack DLC', platform='Epic Games Store', is_dlc=True, is_hidden=False)
HeroicGame(app_name='348930511a4b4694b1c6bfb5f9f76ae0', title='Train Sim World® 4 Compatible: Schnellfahrstrecke Köln-Aachen', platform='Epic Games Store', is_dlc=True, is_hidden=False)
HeroicGame(app_name='370325fee5104176a6e5329936656965', title='Model Builder: The Invincible Helmet', platform='Epic Games Store', is_dlc=True, is_hidden=False)
HeroicGame(app_name='3d5eb5018d7644d38052f6e1e2d57c81', title='Europa Universalis IV: Songs of Yuletide', platform='Epic Games Store', is_dlc=True, is_hidden=False)
HeroicGame(app_name='40404abd974443de81c875af6323f329', title='ARK Ragnarok', platform='Epic Games Store', is_dlc=True, is_hidden=False)
HeroicGame(app_name='4fa3d8d9b2cb4714a19a38d1a598be8f', title='Fallout New Vegas®: Lonesome Road™', platform='Epic Games Store', is_dlc=True, is_hidden=False)
HeroicGame(app_name='4fec3df59df9406c9a243d40fbd7bdfb', title='Schnellfahrstrecke Köln-Aachen', platform='Epic Games Store', is_dlc=True, is_hidden=False)
HeroicGame(app_name='562d4a2c1b3147b089a7c453e3ddbcbe', title='Fallout New Vegas®: Honest Hearts', platform='Epic Games Store', is_dlc=True, is_hidden=False)
HeroicGame(app_name='574977bf807c4c3cabfe8ab19708205c', title='Model Builder: Aether DLC', platform='Epic Games Store', is_dlc=True, is_hidden=False)
HeroicGame(app_name='57b7918bc8144858ade791e1dec267f0', title='Train Sim World® 6: Schnellfahrstrecke Köln-Aachen Remastered', platform='Epic Games Store', is_dlc=True, is_hidden=False)
HeroicGame(app_name='59e7d1f8e717413586341e227a12aa58', title='ARK Crystal Isles', platform='Epic Games Store', is_dlc=True, is_hidden=False)
HeroicGame(app_name='5d31a6c96b204613b17d690ca88cf9f9', title='Bakerloo Line', platform='Epic Games Store', is_dlc=True, is_hidden=False)
HeroicGame(app_name='6b61b3692dae45be889bf38cb1f9ed84', title='Alien: Isolation - Last Survivor', platform='Epic Games Store', is_dlc=True, is_hidden=False)
HeroicGame(app_name='71816b992ef04030b1c58af6b9845fe5', title='Dying Light The Bozak', platform='Epic Games Store', is_dlc=True, is_hidden=False)
HeroicGame(app_name='7dcfb9cd9d134728b2646466c34c7b3b', title='Fallout New Vegas®: Gun Runners’ Arsenal™', platform='Epic Games Store', is_dlc=True, is_hidden=False)
HeroicGame(app_name='84067e3ec8f149b2bbf2342d7a136065', title='DEATH STRANDING DIGITAL SOUNDTRACK', platform='Epic Games Store', is_dlc=True, is_hidden=False)
HeroicGame(app_name='8b5f1c51be3844bab51e2ee1089839f5', title='Map Pack', platform='Epic Games Store', is_dlc=True, is_hidden=False)
HeroicGame(app_name='8e975c15166a4a1ca28d65fdfa411248', title='Pillars of Eternity - Definitive Edition Pack', platform='Epic Games Store', is_dlc=True, is_hidden=False)
HeroicGame(app_name='909591bfde364a0da9e121df661c8484', title='Train Sim World® 4 Compatible: Sand Patch Grade', platform='Epic Games Store', is_dlc=True, is_hidden=False)
HeroicGame(app_name='90c4ae1c4d1c40469835d0c776cb53a7', title='Train Sim World® 6: Bakerloo Line', platform='Epic Games Store', is_dlc=True, is_hidden=False)
HeroicGame(app_name='9596620d263b40c083ddf1f0c662c8ff', title="Marvel's Guardians of the Galaxy: Social-Lord Outfit", platform='Epic Games Store', is_dlc=True, is_hidden=False)
HeroicGame(app_name='987f387bd9324f1391cc87cd07348bf7', title='Model Builder: Titan-Forge DLC no.1', platform='Epic Games Store', is_dlc=True, is_hidden=False)
HeroicGame(app_name='9c162cd16b7c44b9abfa21296343dfea', title='Model Builder: Titan-Forge DLC no.2', platform='Epic Games Store', is_dlc=True, is_hidden=False)
HeroicGame(app_name='AukGlove', title='Glove Skin', platform='Epic Games Store', is_dlc=True, is_hidden=False)
HeroicGame(app_name='AukPuzzle1', title='Puzzle Pack 1', platform='Epic Games Store', is_dlc=True, is_hidden=False)
HeroicGame(app_name='AukPuzzle2', title='Puzzle Pack 2', platform='Epic Games Store', is_dlc=True, is_hidden=False)
HeroicGame(app_name='KingletAustralia', title='Civilization VI : Australia Civilization & Scenario Pack', platform='Epic Games Store', is_dlc=True, is_hidden=False)
HeroicGame(app_name='KingletAztec', title='Civilization VI : Aztec DLC', platform='Epic Games Store', is_dlc=True, is_hidden=False)
HeroicGame(app_name='KingletGatheringStorm', title='Civilization VI : Gathering Storm', platform='Epic Games Store', is_dlc=True, is_hidden=False)
HeroicGame(app_name='KingletKhmerIndonesia', title='Civilization VI : Khmer and Indonesia Civilization & Scenario Pack', platform='Epic Games Store', is_dlc=True, is_hidden=False)
HeroicGame(app_name='KingletNubia', title='Civilization VI : Nubia Civilization & Scenario Pack', platform='Epic Games Store', is_dlc=True, is_hidden=False)
HeroicGame(app_name='KingletPersiaMacedon', title='Civilization VI : Persia and Macedon Civilization & Scenario Pack', platform='Epic Games Store', is_dlc=True, is_hidden=False)
HeroicGame(app_name='KingletPoland', title='Civilization VI : Poland Civilization & Scenario Pack', platform='Epic Games Store', is_dlc=True, is_hidden=False)
HeroicGame(app_name='KingletRiseAndFall', title='Civilization VI : Rise and Fall', platform='Epic Games Store', is_dlc=True, is_hidden=False)
HeroicGame(app_name='KingletVikingsScenario', title='Civilization VI : Vikings Scenario Pack', platform='Epic Games Store', is_dlc=True, is_hidden=False)
HeroicGame(app_name='a7104176e36643c59707a2d2e3d77206', title='Train Sim World® 6: Sand Patch Grade', platform='Epic Games Store', is_dlc=True, is_hidden=False)
HeroicGame(app_name='a96de508ac71471fa05e7c1c695e3b5d', title='Ancient Enemy', platform='Epic Games Store', is_dlc=False, is_hidden=True)
HeroicGame(app_name='b290229eb58045cbab9501640f3278f3', title='Fallout New Vegas®: Dead Money', platform='Epic Games Store', is_dlc=True, is_hidden=False)
HeroicGame(app_name='b65e183e8f204281b8eb1bbbb6f7a98a', title='Model Builder: Into The Stars DLC', platform='Epic Games Store', is_dlc=True, is_hidden=False)
HeroicGame(app_name='b681fecb34194e8a97ef6d69cbf71ca6', title='Model Builder: Cars Pack DLC', platform='Epic Games Store', is_dlc=True, is_hidden=False)
HeroicGame(app_name='c195b58b0379438bb31a5b99d365d56c', title='Europa Universalis IV: Common Sense Expansion Pack', platform='Epic Games Store', is_dlc=True, is_hidden=False)
HeroicGame(app_name='c311b22f878749449886949eeb588999', title='SELECTIONS OF TITAN ART BOOK', platform='Epic Games Store', is_dlc=True, is_hidden=False)
HeroicGame(app_name='c4e284ae71ed49a285cc00dfce564e03', title='Model Builder: Expansion Pack no.1', platform='Epic Games Store', is_dlc=True, is_hidden=False)
HeroicGame(app_name='c8dae1ab0570475a8b38a9041e614840', title='Fallout New Vegas®: Old World Blues', platform='Epic Games Store', is_dlc=True, is_hidden=False)
HeroicGame(app_name='d94a06ef698942669bd001b2dd0fb3ee', title='Model Builder: Alaskan Road Truckers DLC', platform='Epic Games Store', is_dlc=True, is_hidden=False)
HeroicGame(app_name='e25eb863aafb4453b9f9fd17af3ae6d2', title='ARK Valguero', platform='Epic Games Store', is_dlc=True, is_hidden=False)
HeroicGame(app_name='ee596311b7e14e2d925c75e35ddd2721', title='Train Sim World® 5: Bakerloo Line', platform='Epic Games Store', is_dlc=True, is_hidden=False)
HeroicGame(app_name='ee9a44b4530942499ef1c8c390731fce', title="Fallout New Vegas: Courier's Stash", platform='Epic Games Store', is_dlc=True, is_hidden=False)
HeroicGame(app_name='f653266870894ee1acbb5250e3b04bd1', title='Dying Light The Following', platform='Epic Games Store', is_dlc=True, is_hidden=False)
HeroicGame(app_name='f8bf1e29bbef480a9b28115ad0d644a0', title='HD Wallpaper', platform='Epic Games Store', is_dlc=True, is_hidden=False)
HeroicGame(app_name='eeb2fd4c-e7aa-4e73-a1d4-071b90e1060d', title='Pumped BMX Pro', platform='Amazon Games', is_dlc=False, is_hidden=False)
HeroicGame(app_name='2a236e66-9387-45ce-aa6e-fcccf0c196be', title='Wonder Boy', platform='Amazon Games', is_dlc=False, is_hidden=False)
HeroicGame(app_name='da00f127-423b-4b3c-8099-2e3480c2faad', title='Mable and the Wood', platform='Amazon Games', is_dlc=False, is_hidden=False)
HeroicGame(app_name='e75792f0-a9ab-4b40-b1e7-7e10d30b5645', title='Automachef', platform='Amazon Games', is_dlc=False, is_hidden=False)
HeroicGame(app_name='d238089d-956a-456b-baba-bb68a94b32a3', title="Yoku's Island Express", platform='Amazon Games', is_dlc=False, is_hidden=False)
HeroicGame(app_name='3c41236b-1f48-4ad6-976c-a1f4cb821c5e', title='Stealth Inc 2: A Game of Clones', platform='Amazon Games', is_dlc=False, is_hidden=False)
HeroicGame(app_name='45968b2c-5597-4a94-b3a8-e18b77b8fb49', title='Chicken Assassin', platform='Amazon Games', is_dlc=False, is_hidden=False)
HeroicGame(app_name='dceac06b-afa9-441c-bcd1-35783bcf87e8', title='Manual Samuel', platform='Amazon Games', is_dlc=False, is_hidden=False)
HeroicGame(app_name='70ec0894-2707-4822-8f6d-b133eff339dd', title='Stealth Bastard Deluxe', platform='Amazon Games', is_dlc=False, is_hidden=False)
HeroicGame(app_name='5df60b68-ec08-4a80-bee6-7913ae0aad00', title='Aegis Defenders', platform='Amazon Games', is_dlc=False, is_hidden=False)
HeroicGame(app_name='b515a0c1-b73d-4201-aae3-1ef8fb1faf5e', title='Hyper Light Drifter', platform='Amazon Games', is_dlc=False, is_hidden=False)
HeroicGame(app_name='8d842248-54ae-4aa2-b4bf-362cb533982e', title='Titan Souls', platform='Amazon Games', is_dlc=False, is_hidden=False)
HeroicGame(app_name='e778b2fe-5847-41ce-947e-c1539e1f81d3', title='The Metronomicon: Slay the Dance Floor', platform='Amazon Games', is_dlc=False, is_hidden=False)
HeroicGame(app_name='add77e2e-2f4e-4d12-bcfb-17765929ea78', title='Gunpoint', platform='Amazon Games', is_dlc=False, is_hidden=False)
HeroicGame(app_name='bb09e395-9405-44ca-a17c-98df998cf216', title='Clustertruck', platform='Amazon Games', is_dlc=False, is_hidden=False)
HeroicGame(app_name='e6fe2ec9-719f-443c-be30-61e3992401c9', title='Overload', platform='Amazon Games', is_dlc=False, is_hidden=False)
HeroicGame(app_name='b4b640be-1f76-45c9-b425-ac74594b6918', title='Darksiders Warmastered Edition', platform='Amazon Games', is_dlc=False, is_hidden=False)
HeroicGame(app_name='4efecef5-149b-4f34-b54e-6e026c5cfcc5', title='Majesty Gold HD', platform='Amazon Games', is_dlc=False, is_hidden=False)
HeroicGame(app_name='4adb1c6e-1e22-452a-9177-2f6eb5380710', title='Star Vikings Forever', platform='Amazon Games', is_dlc=False, is_hidden=False)
HeroicGame(app_name='8c105008-09cb-4049-a10f-f4a6c55aa4c7', title='Bomber Crew', platform='Amazon Games', is_dlc=False, is_hidden=False)
HeroicGame(app_name='4d4aa4d3-cc66-4067-b959-446e4d34512f', title='SOMA', platform='Amazon Games', is_dlc=False, is_hidden=False)
HeroicGame(app_name='f9b2486d-a6cc-4f2f-896e-0fef3360d068', title='For The King', platform='Amazon Games', is_dlc=False, is_hidden=False)
HeroicGame(app_name='556a4404-a3f6-4ac4-8e0a-c1b4e9787255', title='I, Hope', platform='Amazon Games', is_dlc=False, is_hidden=False)
HeroicGame(app_name='7efdcdb3-3a17-48df-bbe2-3bf21919ce2f', title='Oxenfree', platform='Amazon Games', is_dlc=False, is_hidden=False)
HeroicGame(app_name='c35253a1-89bf-46f4-8add-2813d5862eb3', title='The Swords of Ditto', platform='Amazon Games', is_dlc=False, is_hidden=False)
HeroicGame(app_name='db61feca-dfb4-412f-9f81-f128ca2fef6e', title='Her Story', platform='Amazon Games', is_dlc=False, is_hidden=False)
HeroicGame(app_name='5e53587b-3bad-456d-bd73-b7e8b2f62423', title='Dear, Esther', platform='Amazon Games', is_dlc=False, is_hidden=False)
HeroicGame(app_name='c18c39a9-ff36-44d5-9e2e-05d5efb7abfb', title='Strafe', platform='Amazon Games', is_dlc=False, is_hidden=False)
HeroicGame(app_name='fc061199-b7e3-43f7-a99c-3e00f18a1796', title='Downwell', platform='Amazon Games', is_dlc=False, is_hidden=False)
HeroicGame(app_name='0c836900-f133-4daa-bc04-f4ddf0c62a1d', title='Shadow Tactics: Blades of the Shogun', platform='Amazon Games', is_dlc=False, is_hidden=False)
HeroicGame(app_name='a1597314-37f8-4ed9-a31c-767bdcf6436e', title='Smoke and Sacrifice', platform='Amazon Games', is_dlc=False, is_hidden=False)
HeroicGame(app_name='0e577bb9-8144-4535-95c5-171f49b0f7f1', title='Orwell', platform='Amazon Games', is_dlc=False, is_hidden=False)
HeroicGame(app_name='9b00692d-1f3d-4d0e-ac1d-105ea177de81', title='Tales from Candlekeep: Tomb of Annihilation', platform='Amazon Games', is_dlc=False, is_hidden=False)
HeroicGame(app_name='99d11652-3f58-42f6-8a57-34fb56419dd5', title='System Shock: Enhanced Edition', platform='Amazon Games', is_dlc=False, is_hidden=False)
HeroicGame(app_name='051d4284-efb9-42d6-b711-204836d28280', title='Cultist Simulator', platform='Amazon Games', is_dlc=False, is_hidden=False)
HeroicGame(app_name='d8139829-1dad-49d4-85d9-da9f7afea23b', title='Keep in Mind: Remastered', platform='Amazon Games', is_dlc=False, is_hidden=False)
HeroicGame(app_name='51f2d354-61ad-4243-8404-d2fdc111fc4e', title='Joggernauts', platform='Amazon Games', is_dlc=False, is_hidden=False)
HeroicGame(app_name='73335a5e-887c-4e9e-bd6d-11429cd7fadf', title='Pikuniku', platform='Amazon Games', is_dlc=False, is_hidden=False)
HeroicGame(app_name='dacf2798-a6a5-4915-a3e1-c6e69a389604', title='Snake Pass', platform='Amazon Games', is_dlc=False, is_hidden=False)
HeroicGame(app_name='4c3b8c4b-1bf7-4893-9e20-d6a95063d243', title='Cosmic Express', platform='Amazon Games', is_dlc=False, is_hidden=False)
HeroicGame(app_name='f41d91c5-83b4-40e1-869e-01a0d6056f97', title='Gone Home', platform='Amazon Games', is_dlc=False, is_hidden=False)
HeroicGame(app_name='d43e7ff9-3b1a-448d-8835-572fe729c157', title='The Flame In The Flood', platform='Amazon Games', is_dlc=False, is_hidden=False)
HeroicGame(app_name='35390bab-dd81-42d4-93a3-f74b62caf848', title='Sanitarium', platform='Amazon Games', is_dlc=False, is_hidden=False)
HeroicGame(app_name='23fc052e-6972-4e66-9103-a15a523832b9', title='Treadnauts (WIN)', platform='Amazon Games', is_dlc=False, is_hidden=False)
HeroicGame(app_name='13a0d6e1-fce9-4b6c-9f3a-582a0f04b6b7', title='10 Second Ninja X', platform='Amazon Games', is_dlc=False, is_hidden=False)
HeroicGame(app_name='d4a3192e-9578-4d6b-878e-64890323f317', title="Sid Meier's Civilization IV", platform='Amazon Games', is_dlc=False, is_hidden=False)
HeroicGame(app_name='c24336e8-b8e2-4537-bf1b-9f6cc6cee40a', title='Devil May Cry HD Collection:Devil May Cry HD', platform='Amazon Games', is_dlc=False, is_hidden=False)
HeroicGame(app_name='551a2cd1-9688-41fa-9a07-6af2df90b6e5', title='The Escapists', platform='Amazon Games', is_dlc=False, is_hidden=False)
HeroicGame(app_name='f6e3da4d-62fd-475f-845a-6e708723de00', title='Hacknet', platform='Amazon Games', is_dlc=False, is_hidden=False)
HeroicGame(app_name='99446e03-f117-42da-84ad-61ea088bae52', title='The Original Strife: Veteran Edition', platform='Amazon Games', is_dlc=False, is_hidden=False)
HeroicGame(app_name='96427040-1a7d-4884-a0dd-ed08bdaae57e', title='Yooka-Laylee', platform='Amazon Games', is_dlc=False, is_hidden=False)
HeroicGame(app_name='192f4336-2417-43da-b35c-d32c65f8fa65', title='Psychonauts', platform='Amazon Games', is_dlc=False, is_hidden=False)
HeroicGame(app_name='ea1eacf0-d1f5-485e-9d9c-3909ba279eff', title='InnerSpace', platform='Amazon Games', is_dlc=False, is_hidden=False)
HeroicGame(app_name='34cb556f-0855-4866-bcc0-3a12275d1247', title='Tumblestone', platform='Amazon Games', is_dlc=False, is_hidden=False)
HeroicGame(app_name='a3f5ee11-7f45-4cf2-9dd9-642fb2597124', title='Overcooked!', platform='Amazon Games', is_dlc=False, is_hidden=False)
HeroicGame(app_name='be2b02e7-5901-4c2a-aa90-77314ee9a0d8', title='Guild of Dungeoneering', platform='Amazon Games', is_dlc=False, is_hidden=False)
HeroicGame(app_name='a61e553f-2e92-42e9-96df-0e44fc838990', title='Mr. Shifty', platform='Amazon Games', is_dlc=False, is_hidden=False)
HeroicGame(app_name='7c4310a2-25c3-48c5-9d87-8c99cefcb9d8', title="The King's Bird", platform='Amazon Games', is_dlc=False, is_hidden=False)
HeroicGame(app_name='dc09a502-fa27-4d3c-b29d-b5629fcf2161', title='Stikbold! A Dodgeball Adventure', platform='Amazon Games', is_dlc=False, is_hidden=False)
HeroicGame(app_name='f8ff5767-bbb1-4ab8-9b34-d617ec534339', title='Pumped BMX', platform='Amazon Games', is_dlc=False, is_hidden=False)
HeroicGame(app_name='498bb66a-c291-41f4-a3ef-35a544cdb7eb', title='High Hell (WIN)', platform='Amazon Games', is_dlc=False, is_hidden=False)
HeroicGame(app_name='62f505d5-9210-4784-9094-17cdc868f6da', title='SUPERHOT', platform='Amazon Games', is_dlc=False, is_hidden=False)
HeroicGame(app_name='56df4fcf-d9a1-485d-8ae2-495ff6d6ae4b', title='Kabounce', platform='Amazon Games', is_dlc=False, is_hidden=False)
HeroicGame(app_name='87c79d53-6693-4de1-8973-2122da60603e', title='The Little Acre', platform='Amazon Games', is_dlc=False, is_hidden=False)
HeroicGame(app_name='c2bfad1a-cd3c-49ec-9d7b-9cfb4952753e', title="Ken Follett's The Pillars of the Earth", platform='Amazon Games', is_dlc=False, is_hidden=False)
HeroicGame(app_name='05996bea-0bdf-42a9-970b-02c76b663ca9', title='Samurai Shodown II', platform='Amazon Games', is_dlc=False, is_hidden=False)
HeroicGame(app_name='2f7d571e-0c1f-4b68-bbb4-8fa519800c4d', title='Republique', platform='Amazon Games', is_dlc=False, is_hidden=False)
HeroicGame(app_name='a505a548-6544-4468-8bc3-9c174299b155', title='Poi', platform='Amazon Games', is_dlc=False, is_hidden=False)
HeroicGame(app_name='b3420df5-00d4-4884-96b6-1345637fd7d8', title='AER Memories of Old', platform='Amazon Games', is_dlc=False, is_hidden=False)
HeroicGame(app_name='f0dfdbe9-f3fa-456f-a2ae-4b38b78bb0a6', title='A Good Snowman Is Hard To Build', platform='Amazon Games', is_dlc=False, is_hidden=False)
HeroicGame(app_name='ec16febb-a04e-44d0-8134-27c894f0f985', title='Baseball Stars 2', platform='Amazon Games', is_dlc=False, is_hidden=False)
HeroicGame(app_name='dcece97c-dedf-4090-affd-58f3f0ae839a', title='Pulstar', platform='Amazon Games', is_dlc=False, is_hidden=False)
HeroicGame(app_name='67b7a89f-69e8-4b4d-a0a6-80a5bb6f1f75', title='Fatal Fury Special', platform='Amazon Games', is_dlc=False, is_hidden=False)
HeroicGame(app_name='4eb1ffc1-a9a8-417b-b867-d83e07a6dfc8', title='Broforce', platform='Amazon Games', is_dlc=False, is_hidden=False)
HeroicGame(app_name='fbcc4aaa-a6f1-469c-b34e-dc65756f7141', title='Metal Slug 2', platform='Amazon Games', is_dlc=False, is_hidden=False)
HeroicGame(app_name='9875182a-e2d1-4124-ab59-39e463076896', title='Hotline Miami 2: Wrong Number', platform='Amazon Games', is_dlc=False, is_hidden=False)
HeroicGame(app_name='560c53c4-0751-4b4f-8792-0fd943e3b24a', title='Orwell: Ignorance Is Strength', platform='Amazon Games', is_dlc=False, is_hidden=False)
HeroicGame(app_name='dae1a796-8036-4409-a576-891e0a5b3768', title='Sokobond', platform='Amazon Games', is_dlc=False, is_hidden=False)
HeroicGame(app_name='bd0d4f4f-988f-44a6-ab2b-5ee2595ef135', title='Adam Wolfe', platform='Amazon Games', is_dlc=False, is_hidden=False)
HeroicGame(app_name='0161ad63-95b1-4b2d-a3ea-d5aa848be195', title='Stranger Things 3: The Game', platform='Amazon Games', is_dlc=False, is_hidden=False)
HeroicGame(app_name='bb3a962e-180e-47c2-b2ea-9790fd7d521f', title="Deadlight: Director's Cut", platform='Amazon Games', is_dlc=False, is_hidden=False)
HeroicGame(app_name='6e99c309-1eae-42c5-834a-eceb0b1b5166', title='Serial Cleaner', platform='Amazon Games', is_dlc=False, is_hidden=False)
HeroicGame(app_name='e3bc3283-5464-4946-80b8-8ac1401f7b16', title='Double Cross', platform='Amazon Games', is_dlc=False, is_hidden=False)
HeroicGame(app_name='790f3b07-fc9c-4efe-bb66-32bd348a9d23', title='Darksiders II Deathinitive Edition', platform='Amazon Games', is_dlc=False, is_hidden=False)
HeroicGame(app_name='fe19ef5f-a1e0-4caf-96b4-590b2c022b15', title='Planet Alpha', platform='Amazon Games', is_dlc=False, is_hidden=False)
HeroicGame(app_name='25071895-d6cb-49ce-98fe-4a2c3c92b9fc', title='Sword Legacy Omen', platform='Amazon Games', is_dlc=False, is_hidden=False)
HeroicGame(app_name='9f710b74-9960-4411-bdfc-3cd846ca812c', title='Turmoil', platform='Amazon Games', is_dlc=False, is_hidden=False)
HeroicGame(app_name='bf8a5cc7-9776-455c-b49a-d00756b14b28', title='ToeJam & Earl: Back in the Groove!', platform='Amazon Games', is_dlc=False, is_hidden=False)
HeroicGame(app_name='2ebae692-5e13-4ee1-a4bd-1f901bac77c6', title='HUE', platform='Amazon Games', is_dlc=False, is_hidden=False)
HeroicGame(app_name='2ad346bf-d6b0-4f34-b462-7e1389727805', title='When Ski Lifts Go Wrong', platform='Amazon Games', is_dlc=False, is_hidden=False)
HeroicGame(app_name='66d610ba-d613-4607-8593-206a5fca2d61', title='Hover', platform='Amazon Games', is_dlc=False, is_hidden=False)
HeroicGame(app_name='6119ce91-31d4-48dc-9084-e94c8d4c4c26', title="Sherlock Holmes: The Devil's Daughter", platform='Amazon Games', is_dlc=False, is_hidden=False)
HeroicGame(app_name='b0601d8b-40fd-436c-b819-e182636a362d', title='Dandara', platform='Amazon Games', is_dlc=False, is_hidden=False)
HeroicGame(app_name='62a1f06b-e81e-4f53-9cb3-1daf83fb925b', title='Anarcute', platform='Amazon Games', is_dlc=False, is_hidden=False)
HeroicGame(app_name='6dbb49c6-cd4d-416e-b7d0-cad3088d587d', title='Kingdom: New Lands', platform='Amazon Games', is_dlc=False, is_hidden=False)
HeroicGame(app_name='4be3538b-1215-4d27-ab8c-ec6548a14239', title='A Normal Lost Phone', platform='Amazon Games', is_dlc=False, is_hidden=False)
HeroicGame(app_name='654f2d8c-54b9-4358-8a4b-05087d8e308b', title='Enter the Gungeon', platform='Amazon Games', is_dlc=False, is_hidden=False)
HeroicGame(app_name='d1bce920-1ef8-4d24-aa39-081621e06256', title='Splasher', platform='Amazon Games', is_dlc=False, is_hidden=False)
HeroicGame(app_name='b95426ba-9d31-46e2-9475-80061ba6d85f', title='Ape Out', platform='Amazon Games', is_dlc=False, is_hidden=False)
HeroicGame(app_name='0fd0cced-4200-4d1c-9584-e43640f6560e', title='Witcheye', platform='Amazon Games', is_dlc=False, is_hidden=False)
HeroicGame(app_name='d4a9e1a3-a27a-4789-8c44-76781d993f70', title='Gato Raboto', platform='Amazon Games', is_dlc=False, is_hidden=False)
HeroicGame(app_name='1375e4bd-eb0e-4baa-b44a-b76a1cbcbf95', title='Heave Ho', platform='Amazon Games', is_dlc=False, is_hidden=False)
HeroicGame(app_name='1dc3aebe-04aa-4b78-96d9-667ba0ca891f', title='Whispers of a Machine', platform='Amazon Games', is_dlc=False, is_hidden=False)
HeroicGame(app_name='ea502fa9-4b6e-4676-aaee-432e46807ec1', title='Mugsters', platform='Amazon Games', is_dlc=False, is_hidden=False)
HeroicGame(app_name='4cd3fee5-38bf-46e4-a5d7-7dd377231b66', title='Furi', platform='Amazon Games', is_dlc=False, is_hidden=False)
HeroicGame(app_name='e47db7ce-ed45-49f8-9309-6e4c189f9176', title='Epistory', platform='Amazon Games', is_dlc=False, is_hidden=False)
HeroicGame(app_name='fca4cb06-9ea9-4dab-98fd-b2bdcd2c51c2', title='Earthlock', platform='Amazon Games', is_dlc=False, is_hidden=False)
HeroicGame(app_name='62c80ac3-3aa5-42a8-8048-a29ff819b7a8', title='Kathy Rain', platform='Amazon Games', is_dlc=False, is_hidden=False)
HeroicGame(app_name='dd4bdb86-60c8-49a3-8d00-8fc4379a45f3', title='Turok', platform='Amazon Games', is_dlc=False, is_hidden=False)
HeroicGame(app_name='15f94db5-ea1a-4fc3-844e-64d36a96ec59', title='Lightmatter', platform='Amazon Games', is_dlc=False, is_hidden=False)
HeroicGame(app_name='d0e01144-55d1-4d39-9c6d-99b851b3c660', title='Yono and the Celestial Elephants', platform='Amazon Games', is_dlc=False, is_hidden=False)
HeroicGame(app_name='d0e3cd62-8bd4-4881-a8d0-825a886f8634', title='Urban Trial Playground', platform='Amazon Games', is_dlc=False, is_hidden=False)
HeroicGame(app_name='cf483ab4-5aee-46a1-94fd-f1ad6028d51e', title='Old School Musical', platform='Amazon Games', is_dlc=False, is_hidden=False)
HeroicGame(app_name='939eb130-c1f3-4736-a8c3-114d4540ea6b', title='AVICII Invector', platform='Amazon Games', is_dlc=False, is_hidden=False)
HeroicGame(app_name='c0792a8b-36a5-4899-b2ed-ab94416480fd', title='Pankapu', platform='Amazon Games', is_dlc=False, is_hidden=False)
HeroicGame(app_name='52f0cdf8-8ef1-473b-8b6c-91eda0b51bbc', title='Fractured Minds', platform='Amazon Games', is_dlc=False, is_hidden=False)
HeroicGame(app_name='e9144f0f-a84c-43fd-9280-02b572609706', title='The King Of Fighters 2002', platform='Amazon Games', is_dlc=False, is_hidden=False)
HeroicGame(app_name='30af9c0e-6dfa-457a-a8af-eab5f243ea80', title='Blazing Star', platform='Amazon Games', is_dlc=False, is_hidden=False)
HeroicGame(app_name='a9670805-c3fc-4c06-a949-afc0b410756c', title='Art of Fighting 2', platform='Amazon Games', is_dlc=False, is_hidden=False)
HeroicGame(app_name='82d8ca92-26ed-4d0a-9ed8-b990c67727d6', title='The King Of Fighters 2000', platform='Amazon Games', is_dlc=False, is_hidden=False)
HeroicGame(app_name='7fbca6ed-dd9d-424a-80b9-26179646ecf5', title='SIlence', platform='Amazon Games', is_dlc=False, is_hidden=False)
HeroicGame(app_name='7d855d2c-8232-4a39-a945-ed70baee648b', title="Anna's Quest", platform='Amazon Games', is_dlc=False, is_hidden=False)
HeroicGame(app_name='a1deb5e2-8d45-4836-a64a-672cd4ce5a81', title='The Last Tinker', platform='Amazon Games', is_dlc=False, is_hidden=False)
HeroicGame(app_name='4b011bc8-4e03-4473-b09f-62f655c2aae9', title='Max: The Curse of Brotherhood', platform='Amazon Games', is_dlc=False, is_hidden=False)
HeroicGame(app_name='69008e07-590b-4ea1-9aa4-f033ef8b9d2c', title='Observer: July 11 – 17', platform='Amazon Games', is_dlc=False, is_hidden=False)
HeroicGame(app_name='ee7f090a-e9a2-4635-9636-4a9249b8771c', title='Project Warlock', platform='Amazon Games', is_dlc=False, is_hidden=False)
HeroicGame(app_name='e294d86f-ac1e-451e-b8f2-89123f63246d', title='Forsaken Remastered', platform='Amazon Games', is_dlc=False, is_hidden=False)
HeroicGame(app_name='97205382-970c-4ec1-b12b-97c762b25e81', title='Dream Daddy', platform='Amazon Games', is_dlc=False, is_hidden=False)
HeroicGame(app_name='76cbab0f-c912-4696-9684-c659af0d85b9', title='Steel Rats', platform='Amazon Games', is_dlc=False, is_hidden=False)
HeroicGame(app_name='aa4e1537-0a18-474d-a7f2-8fdf1ee11ce3', title='PictoQuest', platform='Amazon Games', is_dlc=False, is_hidden=False)
HeroicGame(app_name='cfe75f9c-4583-4efd-842a-a927958ae86e', title='Sengoku 3', platform='Amazon Games', is_dlc=False, is_hidden=False)
HeroicGame(app_name='8f4bf0e4-4bda-42ca-851c-8523badc979c', title='King of the Monsters', platform='Amazon Games', is_dlc=False, is_hidden=False)
HeroicGame(app_name='fa610758-0d0f-4af2-a17c-caf61177cfe7', title='Ironclad', platform='Amazon Games', is_dlc=False, is_hidden=False)
HeroicGame(app_name='6350f1e0-29e9-4186-af20-d9c6d95e6032', title='Shock Troopers: 2nd Squad', platform='Amazon Games', is_dlc=False, is_hidden=False)
HeroicGame(app_name='b4f60ea6-0fca-4f41-9ffa-e3b90b3a9ebc', title='Dead In Vinland', platform='Amazon Games', is_dlc=False, is_hidden=False)
HeroicGame(app_name='bd429793-b5a8-4060-bc7c-651aab22992f', title='Kunai', platform='Amazon Games', is_dlc=False, is_hidden=False)
HeroicGame(app_name='c4d69bc3-f144-4ba1-a883-ea97a0eb058c', title='NeuroVoider', platform='Amazon Games', is_dlc=False, is_hidden=False)
HeroicGame(app_name='1c8189ab-bcb9-4cc9-8667-057e371a89d1', title='Dungeon Rushers', platform='Amazon Games', is_dlc=False, is_hidden=False)
HeroicGame(app_name='9a7bb426-e5d6-4990-bca9-154cdb5dbcd4', title='Vane', platform='Amazon Games', is_dlc=False, is_hidden=False)
HeroicGame(app_name='890bd3c5-208c-4a93-b51c-7fc916b5e10f', title='Dark Devotion', platform='Amazon Games', is_dlc=False, is_hidden=False)
HeroicGame(app_name='10b70606-32b8-462a-ac40-7c3453ee1dd0', title='Turok 2', platform='Amazon Games', is_dlc=False, is_hidden=False)
HeroicGame(app_name='eb22db60-97db-4239-b345-8e540517c454', title='GRIP', platform='Amazon Games', is_dlc=False, is_hidden=False)
HeroicGame(app_name='969ae4a5-eb89-4ae8-858a-182a0ff9194e', title='Shaq Fu: A Legend Reborn', platform='Amazon Games', is_dlc=False, is_hidden=False)
HeroicGame(app_name='b5750a8c-652f-4a83-8bfc-82c5eb16fbf5', title='Warsaw', platform='Amazon Games', is_dlc=False, is_hidden=False)
HeroicGame(app_name='5f35c569-55f6-4965-8230-a3775ff949a2', title='Treachery In Beatdown City', platform='Amazon Games', is_dlc=False, is_hidden=False)
HeroicGame(app_name='ab770290-3067-45d0-9b10-5aa0d3475a68', title='Truberbrook', platform='Amazon Games', is_dlc=False, is_hidden=False)
HeroicGame(app_name='75790de1-8b94-447d-8c1a-28393eb47215', title='Blazing Chrome', platform='Amazon Games', is_dlc=False, is_hidden=False)
HeroicGame(app_name='2ee6b231-e74f-4d55-b04b-3acc8816d6b7', title='Chroma Squad', platform='Amazon Games', is_dlc=False, is_hidden=False)
HeroicGame(app_name='c7827e1e-8182-4d9e-bfe1-c625e7b2603b', title='Samurai Shodown V Special', platform='Amazon Games', is_dlc=False, is_hidden=False)
HeroicGame(app_name='cd488e76-7247-4087-b418-06faaac5e958', title='The King of Fighters 2002 Unlimited Match', platform='Amazon Games', is_dlc=False, is_hidden=False)
HeroicGame(app_name='704bc6ca-518d-4284-8604-9bd8fa94599e', title="The King of Fighters '97 Global Match", platform='Amazon Games', is_dlc=False, is_hidden=False)
HeroicGame(app_name='09c9b422-1e05-4da7-8307-42dcb2a9877e', title='Shock Troopers', platform='Amazon Games', is_dlc=False, is_hidden=False)
HeroicGame(app_name='756758e1-80ec-4564-a100-b9417d1aed0a', title="The King of Fighters '98 Ultimate Match", platform='Amazon Games', is_dlc=False, is_hidden=False)
HeroicGame(app_name='9ebdf97d-7f3e-4235-9412-4ea3c8d133f5', title='Garou', platform='Amazon Games', is_dlc=False, is_hidden=False)
HeroicGame(app_name='6c7be799-12fb-4f2d-8f6b-844483e42af8', title='Vostok Inc.', platform='Amazon Games', is_dlc=False, is_hidden=False)
HeroicGame(app_name='17717725-268b-468a-bfa4-674657464d3d', title='The Inner World', platform='Amazon Games', is_dlc=False, is_hidden=False)
HeroicGame(app_name='b302b6a1-5b98-4146-a944-491982086556', title='Effie', platform='Amazon Games', is_dlc=False, is_hidden=False)
HeroicGame(app_name='99d6f109-8e0a-46ec-93bc-59fdeac739de', title='Impulsion', platform='Amazon Games', is_dlc=False, is_hidden=False)
HeroicGame(app_name='b3c36d32-49d9-4038-b7f3-a1ae9aa79c66', title='Outcast Second Contact', platform='Amazon Games', is_dlc=False, is_hidden=False)
HeroicGame(app_name='864eddfc-f0ae-4aa2-a64a-9007bef4abb4', title='Tempest', platform='Amazon Games', is_dlc=False, is_hidden=False)
HeroicGame(app_name='0b2fc570-5632-44c3-8d83-0901f144268b', title='Tiny Troopers Joint Ops', platform='Amazon Games', is_dlc=False, is_hidden=False)
HeroicGame(app_name='0f7fa0ea-639f-4ffa-a79e-9551ab193203', title='Dead Age', platform='Amazon Games', is_dlc=False, is_hidden=False)
HeroicGame(app_name='782d4c40-a964-436b-9d4c-a86d5f1b5787', title="A Knight's Quest", platform='Amazon Games', is_dlc=False, is_hidden=False)
HeroicGame(app_name='935097f4-3cea-4e41-b22e-b20edb41e0dd', title='Surf World Series', platform='Amazon Games', is_dlc=False, is_hidden=False)
HeroicGame(app_name='ee62e5c5-bb8a-4e92-be8b-8ae9bb3ec0ee', title='Bridge Constructor: Medieval', platform='Amazon Games', is_dlc=False, is_hidden=False)
HeroicGame(app_name='ad9998ac-f86d-488e-8d63-727b2d781429', title='Stick it to the Man', platform='Amazon Games', is_dlc=False, is_hidden=False)
HeroicGame(app_name='53c1e73d-af16-48c6-bb3f-4db8cc3e8753', title='The Occupation', platform='Amazon Games', is_dlc=False, is_hidden=False)
HeroicGame(app_name='345b53a8-5464-427e-9e59-82280938934b', title='Layers of Fear', platform='Amazon Games', is_dlc=False, is_hidden=False)
HeroicGame(app_name='e717af74-a0df-4f4a-a415-887af44c3bb4', title='Aurion: Legacy of the Kori-Odan', platform='Amazon Games', is_dlc=False, is_hidden=False)
HeroicGame(app_name='da7d2f0c-fd75-4b14-81dc-346d109220e7', title='Victor Vran Overkill Edition', platform='Amazon Games', is_dlc=False, is_hidden=False)
HeroicGame(app_name='7700e4ce-5d73-4962-bc3a-431e01a7e95c', title='Lethis - Path of Progress', platform='Amazon Games', is_dlc=False, is_hidden=False)
HeroicGame(app_name='02eb9df3-491c-4c96-b509-3dc837f3916d', title='Silver Chains', platform='Amazon Games', is_dlc=False, is_hidden=False)
HeroicGame(app_name='f975231e-641b-496c-865c-ef14b31b507a', title='Jay and Silent Bob: Mall Brawl', platform='Amazon Games', is_dlc=False, is_hidden=False)
HeroicGame(app_name='c9650db1-2e89-40cf-a593-973cff69e367', title='Extreme Exorcism', platform='Amazon Games', is_dlc=False, is_hidden=False)
HeroicGame(app_name='7d0c58f3-6fb1-471e-9d78-00d48f237410', title='Genesis Alpha One Deluxe Edition', platform='Amazon Games', is_dlc=False, is_hidden=False)
HeroicGame(app_name='1099aa20-6956-41ac-8a5a-e6624d2a05b1', title='HyperDot', platform='Amazon Games', is_dlc=False, is_hidden=False)
HeroicGame(app_name='99b3c529-785f-4b7d-b448-1a25d4b3d21c', title='The Spectrum Retreat', platform='Amazon Games', is_dlc=False, is_hidden=False)
HeroicGame(app_name='19ae680d-5c1e-42f6-a276-5a556b40e812', title='Wizard of Legend', platform='Amazon Games', is_dlc=False, is_hidden=False)
HeroicGame(app_name='8bf7e683-9157-46e4-9744-2a8729841a12', title='Lost Horizon', platform='Amazon Games', is_dlc=False, is_hidden=False)
HeroicGame(app_name='a947fa3c-3317-4a96-b06d-3f671d81c44d', title='Sigma Theory: Global Cold War', platform='Amazon Games', is_dlc=False, is_hidden=False)
HeroicGame(app_name='82aa61fa-70b0-4550-87be-6f35cdaea38e', title='Ironcast', platform='Amazon Games', is_dlc=False, is_hidden=False)
HeroicGame(app_name='01c9088e-3278-4634-89d6-2a5074b64296', title='Close to the Sun', platform='Amazon Games', is_dlc=False, is_hidden=False)
HeroicGame(app_name='1cb34067-6b1b-4610-9dd2-e06988f69a3b', title='The Messenger', platform='Amazon Games', is_dlc=False, is_hidden=False)
HeroicGame(app_name='61f2a18e-6fbd-4449-8b19-956aef8514c5', title='Crossing Souls', platform='Amazon Games', is_dlc=False, is_hidden=False)
HeroicGame(app_name='b2dfa643-b116-4e3c-afe0-e73ae98a32ad', title='Majesty 2 Collection', platform='Amazon Games', is_dlc=False, is_hidden=False)
HeroicGame(app_name='5cb459d0-69b1-41eb-94bf-7d3c4edc74ce', title='Hotline Miami', platform='Amazon Games', is_dlc=False, is_hidden=False)
HeroicGame(app_name='09fbe8c7-5f5b-4c23-88b7-09aeb2936c7a', title='Adventures of Chris', platform='Amazon Games', is_dlc=False, is_hidden=False)
HeroicGame(app_name='d1994ba2-45b0-476d-8c88-d655cef4e4f0', title='Monster Prom', platform='Amazon Games', is_dlc=False, is_hidden=False)
HeroicGame(app_name='1caba129-321f-4cd6-b69f-9947cc673d7f', title='Swimsanity', platform='Amazon Games', is_dlc=False, is_hidden=False)
HeroicGame(app_name='3ef92bf8-14d8-42db-bdf6-dd376eab0617', title='Table Manners', platform='Amazon Games', is_dlc=False, is_hidden=False)
HeroicGame(app_name='7f279a69-296c-4ab4-b82f-e4c0129c1b70', title='The Academy: The First Riddle', platform='Amazon Games', is_dlc=False, is_hidden=False)
HeroicGame(app_name='70f425e7-77e2-4b8c-8d3d-2a25be540fcb', title='Strata', platform='Amazon Games', is_dlc=False, is_hidden=False)
HeroicGame(app_name='647f3b82-8e8f-426f-b23b-0dda8d68ebf4', title='Little Big Workshop', platform='Amazon Games', is_dlc=False, is_hidden=False)
HeroicGame(app_name='cb1ee645-30be-4887-a612-a081687eec47', title='Iris and the Giant', platform='Amazon Games', is_dlc=False, is_hidden=False)
HeroicGame(app_name='ee44bb82-a70f-4f6d-a502-737f1bfef431', title='Move or Die - Couch Party Edition', platform='Amazon Games', is_dlc=False, is_hidden=False)
HeroicGame(app_name='4f603926-ada0-4d8a-9551-0f8185b78710', title='Before I Forget', platform='Amazon Games', is_dlc=False, is_hidden=False)
HeroicGame(app_name='3d938a83-ec98-4cfb-a11f-a0fbfee934ef', title='Do Not Feed the Monkeys', platform='Amazon Games', is_dlc=False, is_hidden=False)
HeroicGame(app_name='fc2c93ae-1d67-4c2e-b782-37d5f8ecd598', title='The Dark Crystal: Age of Resistance Tactics', platform='Amazon Games', is_dlc=False, is_hidden=False)
HeroicGame(app_name='45468b40-7274-424c-b4c4-6b8a08901272', title='Figment', platform='Amazon Games', is_dlc=False, is_hidden=False)
HeroicGame(app_name='8c5a6e9c-c20b-4942-9013-26b4926ce37a', title='Aces of the Luftwaffe – Squadron', platform='Amazon Games', is_dlc=False, is_hidden=False)
HeroicGame(app_name='73df62c7-f228-4f42-9151-9ce56e13f4bb', title='Moving Out', platform='Amazon Games', is_dlc=False, is_hidden=False)
HeroicGame(app_name='c5ee3ad3-eb8f-481f-84f0-89ac59508064', title="Healer's Quest", platform='Amazon Games', is_dlc=False, is_hidden=False)
HeroicGame(app_name='77616bb4-bb8e-4029-9ddf-b51a9e5b761d', title='Beholder', platform='Amazon Games', is_dlc=False, is_hidden=True)
HeroicGame(app_name='3a84959a-d38d-4b35-a986-34b7906cc9ca', title='Edgar - Bokbok in Boulzac', platform='Amazon Games', is_dlc=False, is_hidden=False)
HeroicGame(app_name='f95b932a-e6e2-4c2e-a6dc-4d6d38d8f92e', title='The Blind Prophet', platform='Amazon Games', is_dlc=False, is_hidden=False)
HeroicGame(app_name='1b494f5d-78b9-4c9e-a38a-e23c9a29649a', title="Faraway: Director's Cut", platform='Amazon Games', is_dlc=False, is_hidden=False)
HeroicGame(app_name='4827253e-c4ef-4859-ae88-0f4a4ca59e06', title='A Blind Legend', platform='Amazon Games', is_dlc=False, is_hidden=False)
HeroicGame(app_name='88046aa6-0e4d-4f5f-b48c-37de955cc815', title='Bombslinger', platform='Amazon Games', is_dlc=False, is_hidden=False)
HeroicGame(app_name='b9e2e744-da24-491c-bb81-5b77d7acde6f', title='Mana Spark', platform='Amazon Games', is_dlc=False, is_hidden=False)
HeroicGame(app_name='5b857b61-570b-4b08-b37b-7455610de1f7', title='BFF or Die', platform='Amazon Games', is_dlc=False, is_hidden=False)
HeroicGame(app_name='670651a7-1fb1-4e8f-ab17-caee6bd2f5a9', title='Newfound Courage', platform='Amazon Games', is_dlc=False, is_hidden=False)
HeroicGame(app_name='e74afea8-3411-4274-a6b5-d940c9515db0', title='Lost in Harmony', platform='Amazon Games', is_dlc=False, is_hidden=False)
HeroicGame(app_name='fa070ce3-b0f8-40f5-aa53-aef28e822093', title='Batman: The Telltale Series', platform='Amazon Games', is_dlc=False, is_hidden=False)
HeroicGame(app_name='d06adfe4-1579-4285-b742-d94533f4f341', title='Spitkiss', platform='Amazon Games', is_dlc=False, is_hidden=False)
HeroicGame(app_name='da0081f9-946b-4541-bd45-3cfc4a47183e', title='Frog Climbers', platform='Amazon Games', is_dlc=False, is_hidden=False)
HeroicGame(app_name='eb46c3ec-c6f2-4173-870d-3eeaaaf5ae9c', title='Secret Files: Tunguska', platform='Amazon Games', is_dlc=False, is_hidden=False)
HeroicGame(app_name='5b20a285-a8ee-49bf-a186-2e64f2e379f3', title='Metamorphosis', platform='Amazon Games', is_dlc=False, is_hidden=False)
HeroicGame(app_name='88612dcd-7348-4588-89eb-ef41d873de11', title='Indiana Jones and the Fate of Atlantis', platform='Amazon Games', is_dlc=False, is_hidden=False)
HeroicGame(app_name='a34bbe60-4072-4c4d-93a6-8f4c2023e453', title="Another Lost Phone: Laura's Story", platform='Amazon Games', is_dlc=False, is_hidden=False)
HeroicGame(app_name='3209409f-f01c-42a4-8edc-c0aca27f1933', title='Lost Horizon 2', platform='Amazon Games', is_dlc=False, is_hidden=False)
HeroicGame(app_name='9fa97b6c-03a4-48de-b05a-77bb123b7690', title='Secret Files 2: Puritas Cordis', platform='Amazon Games', is_dlc=False, is_hidden=False)
HeroicGame(app_name='63bd3150-1264-4225-8a47-4d3b3a57d7b7', title='Unmemory', platform='Amazon Games', is_dlc=False, is_hidden=False)
HeroicGame(app_name='ee543796-c5e8-43e7-9e49-9fb4cff615c7', title='Candleman: The Complete Journey', platform='Amazon Games', is_dlc=False, is_hidden=False)
HeroicGame(app_name='d875e876-9389-483a-af28-c5c4062c583b', title='Puzzle Agent', platform='Amazon Games', is_dlc=False, is_hidden=False)
HeroicGame(app_name='7c594d67-625b-4673-a978-7b075306da9b', title='Sam & Max Hit the Road', platform='Amazon Games', is_dlc=False, is_hidden=False)
HeroicGame(app_name='7549f0fd-b9be-4ab3-a24c-6413e3e8ac8a', title='Tools Up!', platform='Amazon Games', is_dlc=False, is_hidden=False)
HeroicGame(app_name='amzn1.adg.product.cc25ccb6-449e-4d2c-a435-af2a6e6297c4', title='Wallace & Gromit: Fright of the Bumblebees', platform='Amazon Games', is_dlc=False, is_hidden=False)
HeroicGame(app_name='amzn1.adg.product.ac751ce2-b672-4d69-879f-96c45f290369', title='Red Wings: Aces of the Sky', platform='Amazon Games', is_dlc=False, is_hidden=False)
HeroicGame(app_name='amzn1.adg.product.93ff4a57-6134-407d-8b18-7c9152ac6de3', title='Wallace & Gromit: The Last Resort', platform='Amazon Games', is_dlc=False, is_hidden=False)
HeroicGame(app_name='amzn1.adg.product.0d364464-032c-40c9-a6da-c633a53e3374', title='Blue Fire', platform='Amazon Games', is_dlc=False, is_hidden=False)
HeroicGame(app_name='amzn1.adg.product.20b87aa4-24b1-444b-80d0-8a5cbc277c56', title='Tiny Robots Recharged', platform='Amazon Games', is_dlc=False, is_hidden=False)
HeroicGame(app_name='amzn1.adg.product.68d0df20-e8ff-495c-903b-ae4a897471e8', title='Song of Horror Complete Edition', platform='Amazon Games', is_dlc=False, is_hidden=False)
HeroicGame(app_name='amzn1.adg.product.715c7943-57b4-4fa1-9315-ad9631321d98', title='Secret Files 3', platform='Amazon Games', is_dlc=False, is_hidden=False)
HeroicGame(app_name='amzn1.adg.product.2ff3bc13-075b-42a0-bd4b-5d434848fb30', title='Wallace & Gromit: Muzzled!', platform='Amazon Games', is_dlc=False, is_hidden=False)
HeroicGame(app_name='amzn1.adg.product.1ca2ce77-12c9-418c-9171-fea597bdfe54', title='Wallace & Gromit: The Bogey Man', platform='Amazon Games', is_dlc=False, is_hidden=False)
HeroicGame(app_name='amzn1.adg.product.8fffd0cc-8e7f-4d88-8267-4ab6c49d4239', title='Whiskey & Zombies: Great Southern Zombie Escape', platform='Amazon Games', is_dlc=False, is_hidden=False)
HeroicGame(app_name='amzn1.adg.product.24a8c798-49fa-4cc0-9505-112d8be51faa', title='Demon Hunter 2: New Chapter', platform='Amazon Games', is_dlc=False, is_hidden=False)
HeroicGame(app_name='amzn1.adg.product.e75a0723-ff30-4fb7-bc0c-edc573d99cd1', title='Liberated', platform='Amazon Games', is_dlc=False, is_hidden=False)
HeroicGame(app_name='amzn1.adg.product.23434d56-fe28-4ba1-ba71-e04c90abbb96', title='BAFL - Brakes Are For Losers', platform='Amazon Games', is_dlc=False, is_hidden=False)
HeroicGame(app_name='amzn1.adg.product.9309e573-f790-4f1a-a285-d821cb7cf583', title='Secret Files: Sam Peters', platform='Amazon Games', is_dlc=False, is_hidden=False)
HeroicGame(app_name='amzn1.adg.product.1f9ca5dd-6835-40ee-8ab8-946ebd636caa', title='Rogue Heroes: Ruins of Tasos', platform='Amazon Games', is_dlc=False, is_hidden=False)
HeroicGame(app_name='amzn1.adg.product.deb00d63-00c9-4d80-ae82-2675d328ff07', title='Puzzle Agent 2', platform='Amazon Games', is_dlc=False, is_hidden=False)
HeroicGame(app_name='amzn1.adg.product.6ed13be7-1d52-42b0-af03-9f487492ae93', title='Fahrenheit: Indigo Prophecy Remastered', platform='Amazon Games', is_dlc=False, is_hidden=False)
HeroicGame(app_name='amzn1.adg.product.d81c669c-346c-4490-8abf-d1cffa7bc876', title='WRC 7 FIA World Rally Championship', platform='Amazon Games', is_dlc=False, is_hidden=False)
HeroicGame(app_name='amzn1.adg.product.6f7b2156-b0d8-460a-b25e-617077be4961', title='Abandon Ship', platform='Amazon Games', is_dlc=False, is_hidden=False)
HeroicGame(app_name='amzn1.adg.product.5a2dea57-7759-4312-8cd4-986ac1c46a45', title='In Other Waters', platform='Amazon Games', is_dlc=False, is_hidden=False)
HeroicGame(app_name='amzn1.adg.product.fb6747d7-7f88-49d8-bad4-3fc662531048', title='Paper Beast - Folded Edition', platform='Amazon Games', is_dlc=False, is_hidden=False)
HeroicGame(app_name='amzn1.adg.product.9e5ecae6-9b15-4d6c-b28c-afedc5fd081a', title='Double Kick Heroes', platform='Amazon Games', is_dlc=False, is_hidden=False)
HeroicGame(app_name='amzn1.adg.product.23dae898-e846-4aad-befb-b3247b81ae4e', title='Ashwalkers: A Survival Journey', platform='Amazon Games', is_dlc=False, is_hidden=False)
HeroicGame(app_name='amzn1.adg.product.68184ab0-16ae-474e-8b3b-02daf82fc6d4', title='As Far as the Eye', platform='Amazon Games', is_dlc=False, is_hidden=False)
HeroicGame(app_name='amzn1.adg.product.e8e78531-da5e-4651-a75e-357717f42152', title='Golazo! Soccer League', platform='Amazon Games', is_dlc=False, is_hidden=False)
HeroicGame(app_name='amzn1.adg.product.f2ba7372-4612-4b8c-ba91-c3d5c833d211', title='Pesterquest', platform='Amazon Games', is_dlc=False, is_hidden=False)
HeroicGame(app_name='amzn1.adg.product.d5f8ee2a-ecae-46dc-b620-52e54778c46f', title='Crypto Against All Odds', platform='Amazon Games', is_dlc=False, is_hidden=False)
HeroicGame(app_name='amzn1.adg.product.a10b8ae4-785f-4aa9-bf60-844d9d0b5a25', title='The Stillness of the Wind', platform='Amazon Games', is_dlc=False, is_hidden=False)
HeroicGame(app_name='amzn1.adg.product.86459162-b782-45ad-9900-8073256a94b0', title='SteamWorld Quest: Hand of Gilgamech', platform='Amazon Games', is_dlc=False, is_hidden=False)
HeroicGame(app_name='amzn1.adg.product.33c7e483-297f-48ef-95ba-411ff59ca701', title='looK INside', platform='Amazon Games', is_dlc=False, is_hidden=False)
HeroicGame(app_name='amzn1.adg.product.43251731-1ef4-4c83-8318-c16f7cf5fe8e', title='Turnip Boy Commits Tax Evasion', platform='Amazon Games', is_dlc=False, is_hidden=False)
HeroicGame(app_name='amzn1.adg.product.80e086de-237d-41ca-a02b-da2544049908', title='Guild of Ascension', platform='Amazon Games', is_dlc=False, is_hidden=False)
HeroicGame(app_name='amzn1.adg.product.726951bc-4400-41bb-9dc3-0f51c1fa8250', title='Monkey Island 2 Special Edition: LeChuck’s Revenge', platform='Amazon Games', is_dlc=False, is_hidden=False)
HeroicGame(app_name='amzn1.adg.product.d0163c0c-c2a9-4139-b83b-bfe975bfabc4', title='Nanotale - Typing Chronicles', platform='Amazon Games', is_dlc=False, is_hidden=False)
HeroicGame(app_name='amzn1.adg.product.b5014332-35f9-4da7-a2f3-d12789a67585', title='Galaxy of Pen and Paper', platform='Amazon Games', is_dlc=False, is_hidden=False)
HeroicGame(app_name='amzn1.adg.product.a0be5d19-cccb-4afa-a79f-1ac6f1e41444', title="Mail Mole + 'Xpress Deliveries", platform='Amazon Games', is_dlc=False, is_hidden=False)
HeroicGame(app_name='amzn1.adg.product.9a11bfd3-0659-4109-9f8b-2c4e011455ed', title='Cat Quest', platform='Amazon Games', is_dlc=False, is_hidden=False)
HeroicGame(app_name='amzn1.adg.product.df1b00ec-d2df-4fff-937a-8feb4e0c8724', title='Out of Line', platform='Amazon Games', is_dlc=False, is_hidden=False)
HeroicGame(app_name='amzn1.adg.product.c649ad6b-f119-4b58-9455-e021e306f8e4', title='Shattered - Tale of the Forgotten King', platform='Amazon Games', is_dlc=False, is_hidden=False)
HeroicGame(app_name='amzn1.adg.product.fe83dbda-6966-4ba6-b252-33faa24034e4', title='The Curse of Monkey Island', platform='Amazon Games', is_dlc=False, is_hidden=False)
HeroicGame(app_name='amzn1.adg.product.0dfe3eaa-1825-4500-9b1e-92536545fd51', title='WRC 8 FIA World Rally Championship', platform='Amazon Games', is_dlc=False, is_hidden=False)
HeroicGame(app_name='amzn1.adg.product.2e2c1fd6-26b3-43ae-a327-868104772841', title='Calico', platform='Amazon Games', is_dlc=False, is_hidden=False)
HeroicGame(app_name='amzn1.adg.product.bd27e9f5-7d23-4b4c-ab7c-f3103d1c1b5f', title='Astrologaster', platform='Amazon Games', is_dlc=False, is_hidden=False)
HeroicGame(app_name='amzn1.adg.product.27f032e9-7a2c-4c0c-a30b-5a5d4b736701', title='Across the Grooves', platform='Amazon Games', is_dlc=False, is_hidden=False)
HeroicGame(app_name='amzn1.adg.product.5fe86d64-2c5a-4ddf-a574-6e32ca7a0031', title='Escape from Monkey Island', platform='Amazon Games', is_dlc=False, is_hidden=False)
HeroicGame(app_name='amzn1.adg.product.2cbd524e-6778-4f53-b367-b3255aca792c', title='Clouds & Sheep 2', platform='Amazon Games', is_dlc=False, is_hidden=False)
HeroicGame(app_name='amzn1.adg.product.8d752461-4a70-4f1c-9bd5-d320afa9c9f1', title='The Darkside Detective: A Fumble in the Dark', platform='Amazon Games', is_dlc=False, is_hidden=False)
HeroicGame(app_name='9242e234-46a5-4b48-b67c-3795b4c30067', title='The Darkside Detective', platform='Amazon Games', is_dlc=False, is_hidden=False)
HeroicGame(app_name='amzn1.adg.product.8292d474-6625-4bcd-89c0-f7bf1763a69e', title='Rain World', platform='Amazon Games', is_dlc=False, is_hidden=False)
HeroicGame(app_name='amzn1.adg.product.c82d2124-433c-4d90-beba-e1ea3f57ffd9', title="8Doors: Arum's Afterlife Adventure", platform='Amazon Games', is_dlc=False, is_hidden=False)
HeroicGame(app_name='amzn1.adg.product.2d4ef15f-791f-444d-a655-6dd3529fca6e', title="Fell Seal: Arbiter's Mark", platform='Amazon Games', is_dlc=False, is_hidden=False)
HeroicGame(app_name='amzn1.adg.product.8d72f45d-9b58-49df-9653-cfab9657b452', title='Fishing: North Atlantic', platform='Amazon Games', is_dlc=False, is_hidden=False)
HeroicGame(app_name='amzn1.adg.product.778e283c-b65f-4f04-8184-c992bf2dfd95', title='Suzerain', platform='Amazon Games', is_dlc=False, is_hidden=False)
HeroicGame(app_name='amzn1.adg.product.3daaf7de-e673-483a-86e8-af3942baaf19', title='Maniac Mansion', platform='Amazon Games', is_dlc=False, is_hidden=False)
HeroicGame(app_name='amzn1.adg.product.0a76e83e-1ecc-43eb-84bd-93e6675ec697', title='Giana Sisters: Twisted Dreams', platform='Amazon Games', is_dlc=False, is_hidden=False)
HeroicGame(app_name='amzn1.adg.product.7a7cba4b-e22f-4b25-a3b2-70d513306430', title="The Crow's Eye", platform='Amazon Games', is_dlc=False, is_hidden=False)
HeroicGame(app_name='amzn1.adg.product.16da152f-0092-4b62-8cfe-374b7b8787b3', title='Metal Unit', platform='Amazon Games', is_dlc=False, is_hidden=False)
HeroicGame(app_name='amzn1.adg.product.79ec5ff2-4f01-4e47-ab46-3d7909ed5572', title='ScourgeBringer', platform='Amazon Games', is_dlc=False, is_hidden=False)
HeroicGame(app_name='amzn1.adg.product.dc0a809d-b50b-4a55-95ca-9ea42579cd69', title='Recompile', platform='Amazon Games', is_dlc=False, is_hidden=False)
HeroicGame(app_name='amzn1.adg.product.8f37f256-d32e-4cc4-abe5-e00eb25cef2e', title='Beasts of Maravilla Island', platform='Amazon Games', is_dlc=False, is_hidden=False)
HeroicGame(app_name='amzn1.adg.product.e3b3a12f-d30d-44eb-8b43-548081dc69fb', title='Zak McKracken and the Alien Mindbenders', platform='Amazon Games', is_dlc=False, is_hidden=False)
HeroicGame(app_name='amzn1.adg.product.a8a58d6f-77a8-4cfc-971a-4f4be7cf34b8', title='Castle on the Coast', platform='Amazon Games', is_dlc=False, is_hidden=False)
HeroicGame(app_name='amzn1.adg.product.74474738-b55e-45ee-8106-7c3342bfff89', title='Defend the Rook', platform='Amazon Games', is_dlc=False, is_hidden=False)
HeroicGame(app_name='amzn1.adg.product.2567ea69-d0ac-41d5-bc5f-6cafb38caecf', title='We. The Revolution', platform='Amazon Games', is_dlc=False, is_hidden=False)
HeroicGame(app_name='amzn1.adg.product.50ea4b5b-4623-42c5-b052-c26da6006cba', title='The Dig', platform='Amazon Games', is_dlc=False, is_hidden=False)
HeroicGame(app_name='amzn1.adg.product.4ee54da9-3efe-4997-acaa-028c9fc7874f', title='Horace', platform='Amazon Games', is_dlc=False, is_hidden=False)
HeroicGame(app_name='amzn1.adg.product.52e7d981-3b76-4ece-b8b7-b998e13b935f', title='Loom', platform='Amazon Games', is_dlc=False, is_hidden=False)
HeroicGame(app_name='amzn1.adg.product.10ea0731-48e5-452f-a5f3-7fccac3a0e9a', title="Hero's Hour", platform='Amazon Games', is_dlc=False, is_hidden=False)
HeroicGame(app_name='amzn1.adg.product.db747599-4934-4e6a-8817-ea405ef03e0e', title='Whispering Willows', platform='Amazon Games', is_dlc=False, is_hidden=False)
HeroicGame(app_name='amzn1.adg.product.e8de124d-8354-47ee-a388-e04739df05af', title='Etherborn', platform='Amazon Games', is_dlc=False, is_hidden=False)
HeroicGame(app_name='amzn1.adg.product.4c6f3fb8-e68a-4706-a8eb-490905dfa633', title='Last Day of June', platform='Amazon Games', is_dlc=False, is_hidden=False)
HeroicGame(app_name='amzn1.adg.product.9e9874eb-151b-4c18-bc57-ec3605bf5e80', title='WRC 9', platform='Amazon Games', is_dlc=False, is_hidden=False)
HeroicGame(app_name='amzn1.adg.product.7205721a-e8b0-4c7b-8bb2-ff22c4362baf', title='Indiana Jones and the Last Crusade', platform='Amazon Games', is_dlc=False, is_hidden=False)
HeroicGame(app_name='amzn1.adg.product.28a685b0-ded2-42e8-811a-588f438a7885', title='Spinch', platform='Amazon Games', is_dlc=False, is_hidden=False)
HeroicGame(app_name='amzn1.adg.product.3a91e2f7-a434-4ca1-b1f5-6f25a1b2138d', title='The Last Blade 2', platform='Amazon Games', is_dlc=False, is_hidden=False)
HeroicGame(app_name='amzn1.adg.product.f295f4c6-5707-4637-8304-6eee17658841', title='Doors: Paradox', platform='Amazon Games', is_dlc=False, is_hidden=False)
HeroicGame(app_name='amzn1.adg.product.c24c4c69-8211-459c-b65b-5c6540d20270', title='Brothers: A Tale of Two Sons', platform='Amazon Games', is_dlc=False, is_hidden=False)
HeroicGame(app_name='amzn1.adg.product.aa281e1b-252f-493d-8626-fbf3de7ad36c', title='The Amazing American Circus', platform='Amazon Games', is_dlc=False, is_hidden=False)
HeroicGame(app_name='amzn1.adg.product.3d720bbb-fce0-42bb-b98e-b10e86b211bf', title='Desert Child', platform='Amazon Games', is_dlc=False, is_hidden=False)
HeroicGame(app_name='amzn1.adg.product.f6ba026c-693e-4833-9c83-318b569ef454', title='METAL SLUG 3', platform='Amazon Games', is_dlc=False, is_hidden=False)
HeroicGame(app_name='amzn1.adg.product.3a202794-d9d0-47e7-8d0c-c7d5f05f5fda', title='SNK 40th Anniversary Collection', platform='Amazon Games', is_dlc=False, is_hidden=False)
HeroicGame(app_name='amzn1.adg.product.a647658e-409f-4d9d-a8f2-57bcd97e82a0', title='Banners of Ruin', platform='Amazon Games', is_dlc=False, is_hidden=False)
HeroicGame(app_name='amzn1.adg.product.404a2c52-8e8e-4874-8f8d-2f75f105ab3a', title='Tunche', platform='Amazon Games', is_dlc=False, is_hidden=False)
HeroicGame(app_name='amzn1.adg.product.14d7b5ca-e847-40e7-95d0-a932885d4239', title='Space Warlord Organ Trading Simulator', platform='Amazon Games', is_dlc=False, is_hidden=False)
HeroicGame(app_name='amzn1.adg.product.2eadae75-aef2-408a-bb98-259aca76e0cd', title='Space Crew: Legendary Edition', platform='Amazon Games', is_dlc=False, is_hidden=False)
HeroicGame(app_name='amzn1.adg.product.6348a560-70d2-4455-afc3-2a5cbcfca8aa', title='One Hand Clapping', platform='Amazon Games', is_dlc=False, is_hidden=False)
HeroicGame(app_name='amzn1.adg.product.69c307ed-8065-40b6-b73e-08aaeb68d96f', title='BATS: Bloodsucker Anti-Terror Squad', platform='Amazon Games', is_dlc=False, is_hidden=False)
HeroicGame(app_name='amzn1.adg.product.f09132bc-ea66-4979-8d21-c540b7a7fed3', title="Aerial_Knight's Never Yield", platform='Amazon Games', is_dlc=False, is_hidden=False)
HeroicGame(app_name='amzn1.adg.product.a8d9f18e-3b60-4565-aa23-40dc9e96f652', title='Onsen Master', platform='Amazon Games', is_dlc=False, is_hidden=False)
HeroicGame(app_name='amzn1.adg.product.b854dff2-49fd-4e55-8fde-9cd28c187492', title='Real Bout Fatal Fury 2: The Newcomers', platform='Amazon Games', is_dlc=False, is_hidden=False)
HeroicGame(app_name='amzn1.adg.product.2cc687be-9547-42ef-b07d-cb3de979671f', title='Twinkle Star Sprites', platform='Amazon Games', is_dlc=False, is_hidden=False)
HeroicGame(app_name='amzn1.adg.product.7c237770-7536-48b5-85e3-8314f6f280f2', title='The Last Blade', platform='Amazon Games', is_dlc=False, is_hidden=False)
HeroicGame(app_name='amzn1.adg.product.256e229f-071e-4cd4-a459-a48cd0abfb36', title='The King of Fighters 2003', platform='Amazon Games', is_dlc=False, is_hidden=False)
HeroicGame(app_name='amzn1.adg.product.21ead428-3fd5-4e96-a48d-416ba2200318', title='Metal Slug X', platform='Amazon Games', is_dlc=False, is_hidden=False)
HeroicGame(app_name='amzn1.adg.product.a9660e7a-8760-4d78-888d-226e4ad04ecf', title='Metal Slug', platform='Amazon Games', is_dlc=False, is_hidden=False)
HeroicGame(app_name='amzn1.adg.product.63df2659-db6c-4841-8ef0-f828c7c2ab2c', title='I am Fish', platform='Amazon Games', is_dlc=False, is_hidden=False)
HeroicGame(app_name='amzn1.adg.product.ab888f57-d3f4-4961-a50e-eb891fe27aaa', title='Adios', platform='Amazon Games', is_dlc=False, is_hidden=False)
HeroicGame(app_name='amzn1.adg.product.5d35cae7-39d1-4e53-ba92-36004c4a5211', title="Baldur's Gate: Enhanced Edition", platform='Amazon Games', is_dlc=False, is_hidden=False)
HeroicGame(app_name='amzn1.adg.product.2acb36df-2414-4f0d-8fa4-cdfe9fe604fe', title='Faraway: Arctic Escape', platform='Amazon Games', is_dlc=False, is_hidden=False)
HeroicGame(app_name='amzn1.adg.product.69c637c2-fa19-4993-b37c-9b66e7f87beb', title='Book of Demons', platform='Amazon Games', is_dlc=False, is_hidden=False)
HeroicGame(app_name='amzn1.adg.product.5f9857c2-1f63-41ac-aea1-179056a5d5d5', title='Peaky Blinders: Mastermind', platform='Amazon Games', is_dlc=False, is_hidden=False)
HeroicGame(app_name='amzn1.adg.product.588ce979-f6b0-44cc-9ff3-7ce8905c3f64', title='Ninja Commando', platform='Amazon Games', is_dlc=False, is_hidden=False)
HeroicGame(app_name='amzn1.adg.product.c9a6bf1e-5927-4c37-a2f9-d86cfd760367', title='Art of Fighting 3: The Path of The Warrior', platform='Amazon Games', is_dlc=False, is_hidden=False)
HeroicGame(app_name='amzn1.adg.product.2394d92a-ab59-49d5-a9d2-bb98cbae22a8', title='Sengoku', platform='Amazon Games', is_dlc=False, is_hidden=False)
HeroicGame(app_name='amzn1.adg.product.a533b569-f163-4ad9-b0dc-e6c069695a72', title='Grime: Definitive Edition', platform='Amazon Games', is_dlc=False, is_hidden=False)
HeroicGame(app_name='amzn1.adg.product.9dd36368-4002-4772-a680-96af41405383', title='Magician Lord', platform='Amazon Games', is_dlc=False, is_hidden=False)
HeroicGame(app_name='amzn1.adg.product.c87cc6c3-cb97-4ca9-802e-6ea58470b973', title='Metal Slug 4', platform='Amazon Games', is_dlc=False, is_hidden=False)
HeroicGame(app_name='amzn1.adg.product.b32d0377-579e-4d1e-8658-4e962b1b6364', title="Ninja Master's", platform='Amazon Games', is_dlc=False, is_hidden=False)
HeroicGame(app_name='amzn1.adg.product.dea380a4-8fed-4193-a0e8-ab87cf005320', title='Terraformers', platform='Amazon Games', is_dlc=False, is_hidden=False)
HeroicGame(app_name='amzn1.adg.product.351fef1f-8c92-4e26-a62e-9faea809705e', title='Beholder 2', platform='Amazon Games', is_dlc=False, is_hidden=False)
HeroicGame(app_name='amzn1.adg.product.484268fa-d1e7-4754-ad8d-a5181f12f8b0', title='Icewind Dale: Enhanced Edition', platform='Amazon Games', is_dlc=False, is_hidden=False)
HeroicGame(app_name='amzn1.adg.product.0ff21527-18e6-4837-b1a4-612da3d2872e', title='Crossed Swords', platform='Amazon Games', is_dlc=False, is_hidden=False)
HeroicGame(app_name='amzn1.adg.product.f15e417d-89fe-4b0c-b15d-6516e6b7003d', title='Ghost Pilots', platform='Amazon Games', is_dlc=False, is_hidden=False)
HeroicGame(app_name='amzn1.adg.product.ae430ca0-5cb7-4379-875d-e87bfce70bcb', title='Alpha Mission II', platform='Amazon Games', is_dlc=False, is_hidden=False)
HeroicGame(app_name='amzn1.adg.product.38c74617-0495-40dd-aae7-29e2e8b24955', title='The Almost Gone', platform='Amazon Games', is_dlc=False, is_hidden=False)
HeroicGame(app_name='amzn1.adg.product.37d63f6f-e7c4-4b73-9b5b-94962282654a', title='Kardboard Kings: Card Shop Simulator', platform='Amazon Games', is_dlc=False, is_hidden=False)
HeroicGame(app_name='amzn1.adg.product.6463784a-5716-481d-b006-e19c26e9214c', title='3 Count Bout', platform='Amazon Games', is_dlc=False, is_hidden=False)
HeroicGame(app_name='amzn1.adg.product.77076ad7-ba33-4d36-9641-00503834dc67', title='Robo Army', platform='Amazon Games', is_dlc=False, is_hidden=False)
HeroicGame(app_name='amzn1.adg.product.e159b43d-77c7-4f22-8b1f-dd00f827f93e', title='Last Resort', platform='Amazon Games', is_dlc=False, is_hidden=False)
HeroicGame(app_name='amzn1.adg.product.9d883273-8960-4ada-a67f-967d2141449c', title='Lake', platform='Amazon Games', is_dlc=False, is_hidden=False)
HeroicGame(app_name='amzn1.adg.product.93c268bc-c898-4e7c-b866-ea9c93c781b0', title='Planescape Torment: Enhanced Edition', platform='Amazon Games', is_dlc=False, is_hidden=False)
HeroicGame(app_name='amzn1.adg.product.5752cc6f-88c1-4e96-9a1c-04eaedb34ddf', title='Super Sidekicks', platform='Amazon Games', is_dlc=False, is_hidden=False)
HeroicGame(app_name='amzn1.adg.product.3196f501-ccdc-4b53-ae36-0051aca1611d', title="Samurai Shodown IV: Amakusa's Revenge", platform='Amazon Games', is_dlc=False, is_hidden=False)
HeroicGame(app_name='amzn1.adg.product.054a8a9a-075f-4b2e-9ff6-113f743226c3', title='Star Wars: Rogue Squadron', platform='Amazon Games', is_dlc=False, is_hidden=False)
HeroicGame(app_name='amzn1.adg.product.84883b78-8b43-4e75-99d7-03763231ca80', title='Agatha Knife', platform='Amazon Games', is_dlc=False, is_hidden=False)
HeroicGame(app_name='amzn1.adg.product.42316c09-6463-4624-97fa-e338a5f0cd20', title='King of the Monsters 2', platform='Amazon Games', is_dlc=False, is_hidden=False)
HeroicGame(app_name='amzn1.adg.product.9ed3e5d8-6c6c-464f-9541-ea745d071f0d', title='Kizuna Encounter: Super Tag Battle', platform='Amazon Games', is_dlc=False, is_hidden=False)
HeroicGame(app_name='amzn1.adg.product.499494ac-67ba-456c-a0c2-39f1bed9eeb6', title='Sengoku 2', platform='Amazon Games', is_dlc=False, is_hidden=False)
HeroicGame(app_name='amzn1.adg.product.5acfd492-d51c-4cb4-8041-68a8cdf9ce04', title='Mutation Nation', platform='Amazon Games', is_dlc=False, is_hidden=False)
HeroicGame(app_name='amzn1.adg.product.0b68a840-3c80-4db2-9693-4b70540c8e40', title='Autonauts', platform='Amazon Games', is_dlc=False, is_hidden=False)
HeroicGame(app_name='amzn1.adg.product.a1d15fb4-f3d0-4372-a917-5a95a9aa7dbf', title='Soccer Brawl', platform='Amazon Games', is_dlc=False, is_hidden=False)
HeroicGame(app_name='amzn1.adg.product.af0eafa2-22d5-4a60-af27-1062908c7708', title='Over Top', platform='Amazon Games', is_dlc=False, is_hidden=False)
HeroicGame(app_name='amzn1.adg.product.f2b75952-ef43-43c0-9b93-2ad29cf96506', title='The Super Spy', platform='Amazon Games', is_dlc=False, is_hidden=False)
HeroicGame(app_name='amzn1.adg.product.ffe01392-25f2-458c-9115-c0629903818e', title='SteamWorld Dig 2', platform='Amazon Games', is_dlc=False, is_hidden=False)
HeroicGame(app_name='amzn1.adg.product.12af4304-0d87-407f-ac10-ca8d2ddaed3c', title='Top Hunter: Roddy & Cathy', platform='Amazon Games', is_dlc=False, is_hidden=False)
HeroicGame(app_name='amzn1.adg.product.c42ee7aa-7704-4330-b5b8-79df1317304e', title='Revita', platform='Amazon Games', is_dlc=False, is_hidden=False)
HeroicGame(app_name='amzn1.adg.product.852e8b11-4233-42dc-be63-89f2ea9ce78f', title="Baldur's Gate II: Enhanced Edition", platform='Amazon Games', is_dlc=False, is_hidden=False)
HeroicGame(app_name='amzn1.adg.product.5d60477a-bea7-4cd6-bd37-bf08bc691355', title='Driftland: The Magic Revival', platform='Amazon Games', is_dlc=False, is_hidden=False)
HeroicGame(app_name='amzn1.adg.product.18ab88f2-82c7-4418-b9bb-dd14e8751d2a', title='Foretales', platform='Amazon Games', is_dlc=False, is_hidden=False)
HeroicGame(app_name='amzn1.adg.product.648bbdb2-2e67-4808-8732-4ee1baef09ff', title='Star Wars: The Force Unleashed II', platform='Amazon Games', is_dlc=False, is_hidden=False)
HeroicGame(app_name='amzn1.adg.product.4a10b5b0-d498-4a74-8053-e31f665dc82c', title='Blade Assault', platform='Amazon Games', is_dlc=False, is_hidden=False)
HeroicGame(app_name='amzn1.adg.product.26441a93-d672-4d03-918c-594027c620ba', title='Wytchwood', platform='Amazon Games', is_dlc=False, is_hidden=False)
HeroicGame(app_name='amzn1.adg.product.76af1223-346e-4e60-9252-65aed729c037', title='Absolute Tactics: Daughters of Mercy', platform='Amazon Games', is_dlc=False, is_hidden=False)
HeroicGame(app_name='amzn1.adg.product.171df735-9fe7-4c74-82ff-cd9ab92ce15a', title='In Sound Mind', platform='Amazon Games', is_dlc=False, is_hidden=False)
HeroicGame(app_name='amzn1.adg.product.033d4c95-45ea-44ab-9ded-06c8e130efde', title='Shotgun King: The Final Checkmate', platform='Amazon Games', is_dlc=False, is_hidden=False)
HeroicGame(app_name='amzn1.adg.product.0d9fd292-f386-406f-895b-a9385d3dfcb5', title='Dexter Stardust: Adventures in Outer Space', platform='Amazon Games', is_dlc=False, is_hidden=False)
HeroicGame(app_name='amzn1.adg.product.c1cd3750-55cc-47d5-b137-db9a8dde1617', title='Hundred Days', platform='Amazon Games', is_dlc=False, is_hidden=False)
HeroicGame(app_name='amzn1.adg.product.e64b7adf-c277-41d4-b425-c70205bf6fe3', title='GRUNND', platform='Amazon Games', is_dlc=False, is_hidden=False)
HeroicGame(app_name='amzn1.adg.product.a7f4a806-7d00-448b-a373-96b82a3583e8', title="Evan's Remains", platform='Amazon Games', is_dlc=False, is_hidden=False)
HeroicGame(app_name='amzn1.adg.product.c70aeca3-dab0-4c81-9f90-93144ce113df', title='Super Adventure Hand', platform='Amazon Games', is_dlc=False, is_hidden=False)
HeroicGame(app_name='amzn1.adg.product.35fd4aba-910f-4f83-b4b8-5ef898a20ae1', title='Genesis Noir', platform='Amazon Games', is_dlc=False, is_hidden=False)
HeroicGame(app_name='amzn1.adg.product.e31e4571-b8d9-444e-852f-93846749eb40', title='The Forgotten City', platform='Amazon Games', is_dlc=False, is_hidden=False)
HeroicGame(app_name='amzn1.adg.product.c25c2ac3-b318-4192-96b7-bafef73060b9', title='Wall World', platform='Amazon Games', is_dlc=False, is_hidden=False)
HeroicGame(app_name='amzn1.adg.product.65f323b0-349c-4273-83be-8ac8456173a0', title='Everdream Valley', platform='Amazon Games', is_dlc=False, is_hidden=False)
HeroicGame(app_name='amzn1.adg.product.bc8c2cf6-ded7-42fb-91d9-d0865af9e57a', title='Star Wars: Knights of the Old Republic II - The Sith Lords', platform='Amazon Games', is_dlc=False, is_hidden=False)
HeroicGame(app_name='amzn1.adg.product.bcb2c9bd-b7ef-4d2b-acb0-f6b544269f69', title='Samurai Bringer', platform='Amazon Games', is_dlc=False, is_hidden=False)
HeroicGame(app_name='amzn1.adg.product.fc36e6d2-9ee9-4ff8-a5f5-1600eb62bb9d', title='Youtubers Life 2', platform='Amazon Games', is_dlc=False, is_hidden=False)
HeroicGame(app_name='amzn1.adg.product.625256c0-9e82-47e3-9bcb-7d1154a7d4a8', title='Heaven Dust 2', platform='Amazon Games', is_dlc=False, is_hidden=False)
HeroicGame(app_name='amzn1.adg.product.1509ede6-ce29-4066-89cb-addbe88ed5e9', title='The Invisible Hand', platform='Amazon Games', is_dlc=False, is_hidden=False)
HeroicGame(app_name='amzn1.adg.product.6eaf9ea8-c5ea-4628-bb56-e37c96e01347', title='Projection: First Light', platform='Amazon Games', is_dlc=False, is_hidden=False)
HeroicGame(app_name='amzn1.adg.product.da5419c8-9fba-477b-ad20-cf0143331aa8', title='Nine Witches: Family Disruption', platform='Amazon Games', is_dlc=False, is_hidden=False)
HeroicGame(app_name='amzn1.adg.product.f31fa950-6fe4-4121-858d-e6f0074ded23', title='Vlad Circus: Descend Into Madness', platform='Amazon Games', is_dlc=False, is_hidden=False)
HeroicGame(app_name='amzn1.adg.product.a1ff60e3-ad99-4f3e-a284-2ca407c3f35a', title='Faraway 2: Jungle Escape', platform='Amazon Games', is_dlc=False, is_hidden=False)
HeroicGame(app_name='amzn1.adg.product.90a0091c-8db1-4188-9f27-ed6046379aec', title='Masterplan Tycoon', platform='Amazon Games', is_dlc=False, is_hidden=False)
HeroicGame(app_name='amzn1.adg.product.10bd39ec-9d7a-4ecf-9242-eafcad66533d', title='Gravity Circuit', platform='Amazon Games', is_dlc=False, is_hidden=False)
HeroicGame(app_name='amzn1.adg.product.3779e9cb-56b9-4f31-937c-16d18ddc8610', title='Kraken Academy!!', platform='Amazon Games', is_dlc=False, is_hidden=False)
HeroicGame(app_name='amzn1.adg.product.8cac5ece-23c0-41c4-8045-81fa6905f9f0', title='Beholder 3', platform='Amazon Games', is_dlc=False, is_hidden=False)
HeroicGame(app_name='amzn1.adg.product.aa29fd00-903a-4c13-99b9-3c7683501380', title='Figment 2: Creed Valley', platform='Amazon Games', is_dlc=False, is_hidden=False)
HeroicGame(app_name='amzn1.adg.product.42b0b23e-bf02-4cd4-b449-8ba071bb997d', title='Young Souls', platform='Amazon Games', is_dlc=False, is_hidden=False)
HeroicGame(app_name='amzn1.adg.product.56b2a764-f318-479c-9554-55b17e565bd1', title='The Collage Atlas', platform='Amazon Games', is_dlc=False, is_hidden=False)
HeroicGame(app_name='amzn1.adg.product.8a584db6-f8e5-4bfa-87a8-256a9d3506c4', title='LEGO Indiana Jones: The Original Adventures', platform='Amazon Games', is_dlc=False, is_hidden=False)
HeroicGame(app_name='amzn1.adg.product.02f3665a-4f31-43f4-98d1-d25fdcd7b095', title='Whispered Secrets: Everburning Candle - CE', platform='Amazon Games', is_dlc=False, is_hidden=False)
HeroicGame(app_name='amzn1.adg.product.bcce181d-9bb0-4feb-8cac-1aad48afb56b', title='SCARF', platform='Amazon Games', is_dlc=False, is_hidden=False)
HeroicGame(app_name='amzn1.adg.product.d306715a-5b83-467f-9795-ffb3e0b9575b', title='Through the Darkest of Times', platform='Amazon Games', is_dlc=False, is_hidden=False)
HeroicGame(app_name='amzn1.adg.product.6a9ea1e3-a5b6-4798-b708-2206da9999ef', title='Zombies Ate My Neighbors and Ghoul Patrol', platform='Amazon Games', is_dlc=False, is_hidden=False)
HeroicGame(app_name='amzn1.adg.product.c2f04483-a8a8-496d-88df-80831dd2bbb6', title='DreadOut 2', platform='Amazon Games', is_dlc=False, is_hidden=False)
HeroicGame(app_name='amzn1.adg.product.5d4cab76-cb11-41ad-83fb-d6482721c141', title='The Gap', platform='Amazon Games', is_dlc=False, is_hidden=False)
HeroicGame(app_name='amzn1.adg.product.78bcc9f5-4880-40e9-8635-0908a207e752', title='Gargoyles Remastered', platform='Amazon Games', is_dlc=False, is_hidden=False)
HeroicGame(app_name='amzn1.adg.product.d94750f3-d3df-4f0b-87e0-c8c0d08b8b03', title='Haunted Hotel: Personal Nightmare - CE', platform='Amazon Games', is_dlc=False, is_hidden=False)
HeroicGame(app_name='amzn1.adg.product.f148257f-8cd4-4608-8671-265ff2bfaaaf', title='Ynglet', platform='Amazon Games', is_dlc=False, is_hidden=False)
HeroicGame(app_name='amzn1.adg.product.b934e8d0-723a-45a5-8de3-f8e9cf30ef68', title='Mystery Case Files: Black Crown - CE', platform='Amazon Games', is_dlc=False, is_hidden=False)
HeroicGame(app_name='amzn1.adg.product.9274ae27-f99c-4594-a917-9cc01e3f65ad', title='Golfie', platform='Amazon Games', is_dlc=False, is_hidden=False)
HeroicGame(app_name='amzn1.adg.product.57a56b9b-210d-4346-aa9a-3985b3d9a982', title='Minabo – A Walk Through Life', platform='Amazon Games', is_dlc=False, is_hidden=False)
HeroicGame(app_name='amzn1.adg.product.e13c50c9-d548-4e6f-a85a-7f70308279e8', title='Bang Bang Racing', platform='Amazon Games', is_dlc=False, is_hidden=False)
HeroicGame(app_name='amzn1.adg.product.c07ca4c1-c030-406b-a740-874db46f01c7', title='Disney•Pixar Cars', platform='Amazon Games', is_dlc=False, is_hidden=False)
HeroicGame(app_name='amzn1.adg.product.8137448c-ef54-42a6-ad94-bace2a7df5cb', title='Ms. Holmes: The Case of the Dancing Men - CE', platform='Amazon Games', is_dlc=False, is_hidden=False)
HeroicGame(app_name='amzn1.adg.product.c7df9974-7dde-4938-86a2-35074b5d7a7a', title='Disney•Pixar WALL-E', platform='Amazon Games', is_dlc=False, is_hidden=False)
HeroicGame(app_name='amzn1.adg.product.b85653d9-fcab-4fdd-a6f7-4829e235be2a', title='Warhammer 40,000: Space Marine', platform='Amazon Games', is_dlc=False, is_hidden=False)
HeroicGame(app_name='amzn1.adg.product.86ca16ee-c209-4dab-8ded-9971d3ac6fad', title='Warhammer 40,000: Dawn of War', platform='Amazon Games', is_dlc=False, is_hidden=False)
HeroicGame(app_name='amzn1.adg.product.33d3288f-092e-43da-8ff2-dbc452abbf44', title='Warhammer 40,000: Dawn of War II', platform='Amazon Games', is_dlc=False, is_hidden=False)
HeroicGame(app_name='amzn1.adg.product.42611da8-7064-4bf0-83a7-9147add5b6d9', title='Aces of the Luftwaffe - Squadron Extended Edition', platform='Amazon Games', is_dlc=False, is_hidden=False)
HeroicGame(app_name='amzn1.adg.product.dab5eaeb-8027-4f4f-8170-7e86d754dae8', title='Simulakros', platform='Amazon Games', is_dlc=False, is_hidden=False)
HeroicGame(app_name='amzn1.adg.product.1084db5c-5c43-4293-bfa3-eb71be469c02', title='Mystery Case Files: The Dalimar Legacy - CE', platform='Amazon Games', is_dlc=False, is_hidden=False)
HeroicGame(app_name='amzn1.adg.product.3ea6e07a-9135-4073-bb4e-9c3cf1741dec', title='ReDrawn: The Painted Tower - CE', platform='Amazon Games', is_dlc=False, is_hidden=False)
HeroicGame(app_name='amzn1.adg.product.ca0cc97f-575b-45b7-8eee-8463026b3028', title='Spirit Mancer', platform='Amazon Games', is_dlc=False, is_hidden=False)
HeroicGame(app_name='amzn1.adg.product.84582bbf-6d74-4d4b-b9ea-40a7ebc7da27', title='Spitlings', platform='Amazon Games', is_dlc=False, is_hidden=False)
HeroicGame(app_name='amzn1.adg.product.ec071644-cbb9-4bb8-9b39-f4f453691878', title='Stunt Kite Party', platform='Amazon Games', is_dlc=False, is_hidden=False)
HeroicGame(app_name='22c10eeb-6b68-4b49-a025-e36af43f0bbf', title='Sine Mora EX', platform='Amazon Games', is_dlc=False, is_hidden=False)
HeroicGame(app_name='amzn1.adg.product.21965245-d668-4a8f-818a-38133698587b', title='Endling: Extinction is Forever', platform='Amazon Games', is_dlc=False, is_hidden=False)
HeroicGame(app_name='amzn1.adg.product.09d91dff-0b7d-4aa8-b2e6-c4477254e8ca', title="Naheulbeuk's Dungeon Master", platform='Amazon Games', is_dlc=False, is_hidden=False)
HeroicGame(app_name='amzn1.adg.product.07193203-cbad-4497-8311-2ef7bf749bc9', title='Night Reverie', platform='Amazon Games', is_dlc=False, is_hidden=False)
HeroicGame(app_name='amzn1.adg.product.94dbc467-ec5f-47c4-bba0-15fc05f6106f', title='Paleo Pines', platform='Amazon Games', is_dlc=False, is_hidden=False)
HeroicGame(app_name='amzn1.adg.product.e07cb84b-ff12-4c09-b1f8-867147135357', title='ENDLESS Space - Definitive Edition', platform='Amazon Games', is_dlc=False, is_hidden=False)
HeroicGame(app_name='amzn1.adg.product.49c149a1-6efb-4c80-9bd0-20f49518da23', title='Trinity Fusion', platform='Amazon Games', is_dlc=False, is_hidden=False)
HeroicGame(app_name='amzn1.adg.product.6d93b0e4-54dd-4046-9363-d72d877ef6fd', title='ENDLESS Legend Definitive Edition', platform='Amazon Games', is_dlc=False, is_hidden=False)
HeroicGame(app_name='amzn1.adg.product.2a89bb26-b356-4c43-bee0-27835a9a8979', title='Besiege + The Splintered Sea DLC', platform='Amazon Games', is_dlc=False, is_hidden=False)
HeroicGame(app_name='amzn1.adg.product.79330d47-859b-4578-a519-0717bd0c44ea', title='Labyrinth City: Pierre the Maze Detective', platform='Amazon Games', is_dlc=False, is_hidden=False)
HeroicGame(app_name='amzn1.adg.product.2f7d3d00-ac01-47c4-900d-233a334845eb', title='Subterrain: Mines of Titan', platform='Amazon Games', is_dlc=False, is_hidden=False)
